[    0s] Using BUILD_ROOT=/var/cache/obs/worker/root_2/.mount
[    0s] Using BUILD_ARCH=riscv64
[    0s] Doing kvm build in /var/cache/obs/worker/root_2/root
[    0s] 
[    0s] 
[    0s] sheep84 started "build python-cepa.spec" at Sun Feb 19 07:11:47 UTC 2023.
[    0s] 
[    0s] Building python-cepa for project 'openSUSE:Factory:RISCV' repository 'standard' arch 'riscv64' srcmd5 '1c4c3151c5990ac83ca98d1c8ba7d9f6'
[    0s] 
[    0s] processing recipe /var/cache/obs/worker/root_2/.build-srcdir/python-cepa.spec ...
[    0s] running changelog2spec --target rpm --file /var/cache/obs/worker/root_2/.build-srcdir/python-cepa.spec
[    0s] init_buildsystem --configdir /var/run/obs/worker/2/build/configs --cachedir /var/cache/build --prepare --clean --rpmlist /var/cache/obs/worker/root_2/.build.rpmlist /var/cache/obs/worker/root_2/.build-srcdir/python-cepa.spec build ...
[    0s] unpacking preinstall image openSUSE:Factory:RISCV/standard/preinstallimage-python [83160fede3a282f635470653fe6cebf8]
[    3s] 
[    3s] copying packages...
[    3s] reordering...done
[    3s] Detected virtio-serial support
[    4s] booting kvm...
[    4s] ### VM INTERACTION START ###
[    4s] Using virtio-serial support
[    4s] /usr/bin/qemu-kvm -nodefaults -no-reboot -nographic -vga none -cpu host -M pc,accel=kvm,usb=off,dump-guest-core=off,vmport=off -sandbox on -bios /usr/share/qemu/qboot.rom -object rng-random,filename=/dev/hwrng,id=rng0 -device virtio-rng-pci,rng=rng0 -object iothread,id=io0 -runas qemu -net none -kernel /var/cache/obs/worker/root_2/.mount/boot/kernel -initrd /var/cache/obs/worker/root_2/.mount/boot/initrd -append root=/dev/disk/by-id/virtio-0 rootfstype=ext4 rootflags=noatime kvmclock mitigations=off elevator=noop nmi_watchdog=0 rw rd.driver.pre=binfmt_misc oops=panic panic=1 quiet console=hvc0 init=/.build/initvm.x86_64 -m 8192 -drive file=/var/cache/obs/worker/root_2/root,format=raw,if=none,id=disk,cache=unsafe,aio=io_uring -device virtio-blk-pci,iothread=io0,drive=disk,serial=0 -drive file=/var/cache/obs/worker/root_2/swap,format=raw,if=none,id=swap,cache=unsafe,aio=io_uring -device virtio-blk-pci,iothread=io0,drive=swap,serial=1 -device virtio-serial,max_ports=2 -device virtconsole,chardev=virtiocon0 -chardev stdio,id=virtiocon0 -chardev socket,id=monitor,server=on,wait=off,path=/var/cache/obs/worker/root_2/root.qemu/monitor -mon chardev=monitor,mode=readline -smp 6
[    7s] ### VM INTERACTION END ###
[    7s] 2nd stage started in virtual machine
[    7s] machine type: riscv64
[    7s] Linux version: 6.1.12-1-default #1 SMP PREEMPT_DYNAMIC Wed Feb 15 05:31:41 UTC 2023 (373f017)
[    7s] Increasing log level from now on...
[    7s] [    3.239616][  T379] sysrq: Changing Loglevel
[    7s] [    3.239746][  T379] sysrq: Loglevel set to 4
[    7s] Enable sysrq operations
[    8s] Setting up swapspace version 1, size = 2 GiB (2147479552 bytes)
[    8s] no label, UUID=0a35fdc2-365b-49a7-b982-7b20b4f9fd1a
[    8s] swapon: /dev/vdb: found signature [pagesize=4096, signature=swap]
[    8s] swapon: /dev/vdb: pagesize=4096, swapsize=2147483648, devsize=2147483648
[    8s] swapon /dev/vdb
[    8s] WARNING: udev not running, creating extra device nodes
[    8s] logging output to //.build.log...
[    8s] processing recipe /.build-srcdir/python-cepa.spec ...
[    8s] init_buildsystem --configdir /.build/configs --cachedir /var/cache/build /.build-srcdir/python-cepa.spec build ...
[    9s] initializing rpm db...
[    9s] querying package ids...
[   25s] [1/172] preinstalled aaa_base-84.87+git20220822.6b9f7a3-1.1
[   25s] [2/172] preinstalled aaa_base-malloccheck-84.87+git20220822.6b9f7a3-1.1
[   25s] [3/172] preinstalled attr-2.5.1-1.1
[   25s] [4/172] preinstalled bash-5.2.15-8.1
[   25s] [5/172] preinstalled bash-sh-5.2.15-8.1
[   25s] [6/172] preinstalled binutils-2.39-3.1
[   25s] [7/172] preinstalled brp-check-suse-84.87+git20221115.2f7add6-1.1
[   25s] [8/172] preinstalled build-compare-20221206T204012.bb70754-1.2
[   25s] [9/172] preinstalled build-mkbaselibs-20230215-1.1
[   25s] [10/172] preinstalled bzip2-1.0.8-4.1
[   25s] [11/172] preinstalled chkstat-1599_20221220-1.2
[   25s] [12/172] preinstalled compat-usrmerge-build-84.87-5.1
[   25s] [13/172] preinstalled compat-usrmerge-tools-84.87-5.1
[   25s] [14/172] preinstalled coreutils-9.1-5.1
[   25s] [15/172] preinstalled cpio-2.13-5.1
[   25s] [16/172] preinstalled cpp-12-2.1
[   25s] [17/172] preinstalled cpp12-12.2.1+git749-4.1
[   25s] [18/172] preinstalled crypto-policies-20210917.c9d86d1-1.1
[   25s] [19/172] preinstalled debugedit-5.0-5.1
[   25s] [20/172] preinstalled diffutils-3.9-1.1
[   25s] [21/172] preinstalled dwz-0.15-2.1
[   25s] [22/172] preinstalled elfutils-0.188-3.2
[   25s] [23/172] cumulate fdupes-2.2.1-1.1
[   25s] [24/172] preinstalled file-5.44-1.2
[   25s] [25/172] preinstalled file-magic-5.44-1.2
[   25s] [26/172] preinstalled filesystem-84.87-12.1
[   25s] [27/172] preinstalled fillup-1.42-279.1
[   25s] [28/172] preinstalled findutils-4.9.0-2.1
[   25s] [29/172] preinstalled gawk-5.2.1-2.1
[   25s] [30/172] preinstalled gcc-12-2.1
[   25s] [31/172] preinstalled gcc-PIE-12-2.1
[   25s] [32/172] preinstalled gcc12-12.2.1+git749-4.1
[   25s] [33/172] preinstalled gcc12-PIE-12.2.1+git749-4.1
[   25s] [34/172] preinstalled gettext-runtime-mini-0.21.1-1.1
[   25s] [35/172] preinstalled gettext-tools-mini-0.21.1-1.1
[   25s] [36/172] preinstalled glibc-2.37-1.1
[   25s] [37/172] preinstalled glibc-devel-2.37-1.1
[   25s] [38/172] preinstalled glibc-locale-base-2.37-1.1
[   25s] [39/172] preinstalled grep-3.8-3.1
[   25s] [40/172] preinstalled gzip-1.12-3.1
[   25s] [41/172] preinstalled kernel-obs-build-6.1.12-1.1
[   25s] [42/172] preinstalled libacl1-2.3.1-2.1
[   25s] [43/172] preinstalled libasan8-13.0.1+git5428-6.1
[   25s] [44/172] preinstalled libasm1-0.188-3.2
[   25s] [45/172] preinstalled libatomic1-13.0.1+git5428-6.1
[   25s] [46/172] preinstalled libattr1-2.5.1-1.1
[   25s] [47/172] preinstalled libaudit1-3.0.6-4.1
[   25s] [48/172] preinstalled libblkid1-2.38.1-7.1
[   25s] [49/172] preinstalled libbz2-1-1.0.8-4.1
[   25s] [50/172] preinstalled libcap-ng0-0.8.3-1.1
[   25s] [51/172] preinstalled libcap2-2.67-1.1
[   25s] [52/172] preinstalled libcrypt1-4.4.33-1.1
[   25s] [53/172] preinstalled libctf-nobfd0-2.39-3.1
[   25s] [54/172] preinstalled libctf0-2.39-3.1
[   25s] [55/172] preinstalled libdb-4_8-4.8.30-39.1
[   25s] [56/172] preinstalled libdw1-0.188-3.2
[   25s] [57/172] preinstalled libeconf0-0.5.1-1.1
[   25s] [58/172] preinstalled libelf1-0.188-3.2
[   25s] [59/172] preinstalled libexpat1-2.5.0-2.1
[   25s] [60/172] preinstalled libfdisk1-2.38.1-7.1
[   25s] [61/172] preinstalled libffi8-3.4.4-1.1
[   25s] [62/172] preinstalled libgcc_s1-13.0.1+git5428-6.1
[   25s] [63/172] preinstalled libgcrypt20-1.10.1-1.1
[   25s] [64/172] preinstalled libgdbm6-1.23-1.1
[   25s] [65/172] preinstalled libgdbm_compat4-1.23-1.1
[   25s] [66/172] preinstalled libgmp10-6.2.1-4.1
[   25s] [67/172] preinstalled libgomp1-13.0.1+git5428-6.1
[   25s] [68/172] preinstalled libgpg-error0-1.46-1.1
[   25s] [69/172] preinstalled libisl23-0.25-1.1
[   25s] [70/172] preinstalled liblua5_4-5-5.4.4-8.1
[   25s] [71/172] preinstalled liblzma5-5.4.1-1.1
[   25s] [72/172] preinstalled libmagic1-5.44-1.2
[   25s] [73/172] preinstalled libmount1-2.38.1-7.1
[   25s] [74/172] preinstalled libmpc3-1.3.1-1.2
[   25s] [75/172] preinstalled libmpdec3-2.5.1-2.1
[   25s] [76/172] preinstalled libmpfr6-4.2.0-1.1
[   25s] [77/172] preinstalled libncurses6-6.4.20230128-5.1
[   25s] [78/172] preinstalled libopenssl3-3.0.7-3.1
[   25s] [79/172] preinstalled libpcre2-8-0-10.42-3.2
[   25s] [80/172] preinstalled libpkgconf3-1.8.0-2.1
[   25s] [81/172] preinstalled libpopt0-1.19-1.1
[   25s] [82/172] preinstalled libpython3_10-1_0-3.10.9-2.2
[   25s] [83/172] preinstalled libpython3_11-1_0-3.11.1-4.2
[   25s] [84/172] preinstalled libpython3_8-1_0-3.8.16-3.2
[   25s] [85/172] preinstalled libpython3_9-1_0-3.9.16-3.2
[   25s] [86/172] preinstalled libreadline8-8.2-2.1
[   25s] [87/172] preinstalled librpmbuild9-4.18.0-3.2
[   25s] [88/172] preinstalled libseccomp2-2.5.4-2.1
[   25s] [89/172] preinstalled libselinux1-3.4-2.1
[   25s] [90/172] preinstalled libsemanage-conf-3.4-1.1
[   25s] [91/172] preinstalled libsemanage2-3.4-1.1
[   25s] [92/172] preinstalled libsepol2-3.4-1.1
[   25s] [93/172] preinstalled libsmartcols1-2.38.1-7.1
[   25s] [94/172] cumulate libsqlite3-0-3.40.1-1.1
[   25s] [95/172] preinstalled libstdc++6-13.0.1+git5428-6.1
[   25s] [96/172] preinstalled libsubid4-4.13-3.1
[   25s] [97/172] preinstalled libubsan1-13.0.1+git5428-6.1
[   25s] [98/172] preinstalled libutempter0-1.2.0-3.2
[   25s] [99/172] preinstalled libuuid1-2.38.1-7.1
[   25s] [100/172] preinstalled libxcrypt-devel-4.4.33-1.1
[   25s] [101/172] preinstalled libz1-1.2.13-2.1
[   25s] [102/172] preinstalled libzstd1-1.5.2-2.1
[   25s] [103/172] preinstalled linux-glibc-devel-6.1-1.1
[   25s] [104/172] preinstalled login_defs-4.13-3.1
[   25s] [105/172] preinstalled lua54-5.4.4-8.1
[   25s] [106/172] preinstalled make-4.4-2.1
[   25s] [107/172] preinstalled ncurses-utils-6.4.20230128-5.1
[   25s] [108/172] preinstalled pam-1.5.2-12.1
[   25s] [109/172] preinstalled patch-2.7.6-6.1
[   25s] [110/172] preinstalled perl-5.36.0-4.1
[   25s] [111/172] preinstalled perl-base-5.36.0-4.1
[   25s] [112/172] preinstalled permissions-1599_20221220-1.2
[   25s] [113/172] preinstalled permissions-config-1599_20221220-1.2
[   25s] [114/172] preinstalled pkgconf-1.8.0-2.1
[   25s] [115/172] preinstalled pkgconf-m4-1.8.0-2.1
[   25s] [116/172] preinstalled pkgconf-pkg-config-1.8.0-2.1
[   25s] [117/172] preinstalled polkit-default-privs-1550+20221102.9f111fa-1.1
[   25s] [118/172] preinstalled post-build-checks-84.87+git20230106.3a359c5-1.1
[   25s] [119/172] preinstalled python-rpm-macros-20230128.e704796-1.2
[   25s] [120/172] preinstalled python-rpm-packaging-20210526+a18ca48-1.2
[   25s] [121/172] preinstalled python310-base-3.10.9-2.2
[   25s] [122/172] preinstalled python310-packaging-23.0-1.1
[   25s] [123/172] cumulate python310-pycodestyle-2.10.0-4.2
[   25s] [124/172] cumulate python310-pycparser-2.21-1.5
[   25s] [125/172] cumulate python310-pyflakes-3.0.1-3.3
[   25s] [126/172] preinstalled python310-setuptools-65.6.3-1.2
[   25s] [127/172] preinstalled python311-base-3.11.1-4.2
[   25s] [128/172] cumulate python311-pycodestyle-2.10.0-4.2
[   25s] [129/172] cumulate python311-pycparser-2.21-1.5
[   25s] [130/172] cumulate python311-pyflakes-3.0.1-3.3
[   25s] [131/172] preinstalled python311-setuptools-65.6.3-1.2
[   25s] [132/172] preinstalled python38-base-3.8.16-3.2
[   25s] [133/172] cumulate python38-pycodestyle-2.10.0-4.2
[   25s] [134/172] cumulate python38-pycparser-2.21-1.5
[   25s] [135/172] cumulate python38-pyflakes-3.0.1-3.3
[   25s] [136/172] preinstalled python38-setuptools-65.6.3-1.2
[   25s] [137/172] preinstalled python39-base-3.9.16-3.2
[   25s] [138/172] cumulate python39-pycodestyle-2.10.0-4.2
[   25s] [139/172] cumulate python39-pycparser-2.21-1.5
[   25s] [140/172] cumulate python39-pyflakes-3.0.1-3.3
[   25s] [141/172] preinstalled python39-setuptools-65.6.3-1.2
[   25s] [142/172] preinstalled qemu-linux-user-7.1.0-50.1
[   25s] [143/172] preinstalled rpm-4.18.0-3.2
[   25s] [144/172] preinstalled rpm-build-4.18.0-3.2
[   25s] [145/172] preinstalled rpm-build-perl-4.18.0-3.2
[   25s] [146/172] preinstalled rpm-config-SUSE-20220926-1.1
[   25s] [147/172] preinstalled rpmlint-mini-2.4.0+git20230214.1bab129-9.4
[   25s] [148/172] preinstalled rpmlint-strict-2.4.0+git20230214.1bab129-1.1
[   25s] [149/172] preinstalled sed-4.9-2.1
[   25s] [150/172] preinstalled shadow-4.13-3.1
[   25s] [151/172] preinstalled system-group-hardware-20170617-24.1
[   25s] [152/172] preinstalled system-user-root-20190513-2.1
[   25s] [153/172] preinstalled systemd-rpm-macros-19-1.1
[   25s] [154/172] preinstalled sysuser-shadow-3.1-5.1
[   25s] [155/172] preinstalled tar-1.34-9.1
[   25s] [156/172] preinstalled terminfo-base-6.4.20230128-5.1
[   25s] [157/172] preinstalled update-alternatives-1.21.8-1.1
[   25s] [158/172] preinstalled util-linux-2.38.1-7.1
[   25s] [159/172] preinstalled which-2.21-5.1
[   25s] [160/172] preinstalled xz-5.4.1-1.1
[   25s] [161/172] cumulate python310-3.10.9-2.1
[   25s] [162/172] cumulate python310-cffi-1.15.1-3.2
[   25s] [163/172] cumulate python311-3.11.1-4.1
[   25s] [164/172] cumulate python311-cffi-1.15.1-3.2
[   25s] [165/172] cumulate python38-3.8.16-3.1
[   25s] [166/172] cumulate python38-cffi-1.15.1-3.2
[   25s] [167/172] cumulate python39-3.9.16-3.1
[   25s] [168/172] cumulate python39-cffi-1.15.1-3.2
[   25s] [169/172] cumulate python310-cryptography-39.0.1-1.2
[   25s] [170/172] cumulate python311-cryptography-39.0.1-1.2
[   25s] [171/172] cumulate python38-cryptography-39.0.1-1.2
[   25s] [172/172] cumulate python39-cryptography-39.0.1-1.2
[   25s] now installing cumulated packages
[   26s] Preparing...                          ########################################
[   26s] Updating / installing...
[   26s] libsqlite3-0-3.40.1-1.1               ########################################
[   26s] python310-3.10.9-2.1                  ########################################
[   26s] python311-3.11.1-4.1                  ########################################
[   26s] python38-3.8.16-3.1                   ########################################
[   26s] python39-3.9.16-3.1                   ########################################
[   26s] python39-pycparser-2.21-1.5           ########################################
[   26s] python39-cffi-1.15.1-3.2              ########################################
[   26s] python38-pycparser-2.21-1.5           ########################################
[   26s] python38-cffi-1.15.1-3.2              ########################################
[   27s] python311-pycparser-2.21-1.5          ########################################
[   27s] python311-cffi-1.15.1-3.2             ########################################
[   27s] python310-pycparser-2.21-1.5          ########################################
[   27s] python310-cffi-1.15.1-3.2             ########################################
[   27s] python310-cryptography-39.0.1-1.2     ########################################
[   28s] python311-cryptography-39.0.1-1.2     ########################################
[   28s] python38-cryptography-39.0.1-1.2      ########################################
[   29s] python39-cryptography-39.0.1-1.2      ########################################
[   29s] python39-pyflakes-3.0.1-3.3           ########################################
[   29s] python39-pycodestyle-2.10.0-4.2       ########################################
[   29s] python38-pyflakes-3.0.1-3.3           ########################################
[   30s] python38-pycodestyle-2.10.0-4.2       ########################################
[   30s] python311-pyflakes-3.0.1-3.3          ########################################
[   30s] python311-pycodestyle-2.10.0-4.2      ########################################
[   30s] python310-pyflakes-3.0.1-3.3          ########################################
[   30s] python310-pycodestyle-2.10.0-4.2      ########################################
[   31s] fdupes-2.2.1-1.1                      ########################################
[   32s] now finalizing build dir...
[   32s] ... running 01-add_abuild_user_to_trusted_group
[   32s] ... running 02-set_timezone_to_utc
[   32s] ... running 03-set-permissions-secure
[   32s] ... running 11-hack_uname_version_to_kernel_version
[   37s] -----------------------------------------------------------------
[   37s] I have the following modifications for python-cepa.spec:
[   38s] 23c23
[   38s] < Release:        0
[   38s] ---
[   38s] > Release:        1.2
[   42s] build target is riscv64-suse-linux
[   42s] -----------------------------------------------------------------
[   42s] ----- building python-cepa.spec (user abuild)
[   42s] -----------------------------------------------------------------
[   42s] -----------------------------------------------------------------
[   44s] + exec rpmbuild -ba --define '_srcdefattr (-,root,root)' --nosignature --target=riscv64-suse-linux --define '_build_create_debug 1' --define 'disturl obs://build.opensuse.org/openSUSE:Factory:RISCV/standard/1c4c3151c5990ac83ca98d1c8ba7d9f6-python-cepa' /home/abuild/rpmbuild/SOURCES/python-cepa.spec
[   61s] Building target platforms: riscv64-suse-linux
[   61s] Building for target riscv64-suse-linux
[   61s] setting SOURCE_DATE_EPOCH=1666828800
[   61s] Executing(%prep): /usr/bin/bash -e /var/tmp/rpm-tmp.z9IKvL
[   61s] + umask 022
[   61s] + cd /home/abuild/rpmbuild/BUILD
[   61s] + cd /home/abuild/rpmbuild/BUILD
[   61s] + rm -rf cepa-1.8.4
[   61s] + /usr/lib/rpm/rpmuncompress -x /home/abuild/rpmbuild/SOURCES/cepa-1.8.4.tar.gz
[   61s] + STATUS=0
[   61s] + '[' 0 -ne 0 ']'
[   61s] + cd cepa-1.8.4
[   61s] + /usr/bin/chmod -Rf a+rX,u+w,g-w,o-w .
[   61s] + /usr/lib/rpm/rpmuncompress /home/abuild/rpmbuild/SOURCES/mock.patch
[   61s] + /usr/bin/patch -p1 -s --fuzz=0 --no-backup-if-mismatch -f
[   62s] + RPM_EC=0
[   62s] ++ jobs -p
[   62s] + exit 0
[   62s] Executing(%build): /usr/bin/bash -e /var/tmp/rpm-tmp.PDtSCH
[   62s] + umask 022
[   62s] + cd /home/abuild/rpmbuild/BUILD
[   62s] + /usr/bin/rm -rf /home/abuild/rpmbuild/BUILDROOT/python-cepa-1.8.4-1.2.riscv64
[   62s] ++ dirname /home/abuild/rpmbuild/BUILDROOT/python-cepa-1.8.4-1.2.riscv64
[   62s] + /usr/bin/mkdir -p /home/abuild/rpmbuild/BUILDROOT
[   62s] + /usr/bin/mkdir /home/abuild/rpmbuild/BUILDROOT/python-cepa-1.8.4-1.2.riscv64
[   62s] + cd cepa-1.8.4
[   62s] + ref=/usr/lib/rpm
[   62s] + mints=0
[   62s] + case $(uname -m) in
[   62s] ++ uname -m
[   62s] + mints=20160911
[   62s] + for s in guess sub
[   62s] ++ find -maxdepth 8 -name config.guess
[   62s] + for s in guess sub
[   62s] ++ find -maxdepth 8 -name config.sub
[   62s] ++ '[' -f _current_flavor ']'
[   62s] ++ true
[   62s] + last_flavor=
[   62s] + '[' -z '' ']'
[   62s] + last_flavor=tmp
[   62s] + '[' tmp '!=' python38 ']'
[   62s] + '[' -d build ']'
[   62s] + '[' -d _build.python38 ']'
[   62s] + echo python38
[   62s] + python_flavor=python38
[   62s] + /usr/bin/python3.8 setup.py build '--executable=/usr/bin/python3.8 -s'
[   65s] ++ '[' -f _current_flavor ']'
[   65s] ++ cat _current_flavor
[   65s] + last_flavor=python38
[   65s] + '[' -z python38 ']'
[   65s] + '[' python38 '!=' python39 ']'
[   65s] + '[' -d build ']'
[   65s] + mv build _build.python38
[   65s] + '[' -d _build.python39 ']'
[   65s] + echo python39
[   65s] + python_flavor=python39
[   65s] + /usr/bin/python3.9 setup.py build '--executable=/usr/bin/python3.9 -s'
[   68s] ++ '[' -f _current_flavor ']'
[   68s] ++ cat _current_flavor
[   68s] + last_flavor=python39
[   68s] + '[' -z python39 ']'
[   68s] + '[' python39 '!=' python311 ']'
[   68s] + '[' -d build ']'
[   68s] + mv build _build.python39
[   68s] + '[' -d _build.python311 ']'
[   68s] + echo python311
[   68s] + python_flavor=python311
[   68s] + /usr/bin/python3.11 setup.py build '--executable=/usr/bin/python3.11 -s'
[   71s] ++ '[' -f _current_flavor ']'
[   71s] ++ cat _current_flavor
[   71s] + last_flavor=python311
[   71s] + '[' -z python311 ']'
[   71s] + '[' python311 '!=' python310 ']'
[   71s] + '[' -d build ']'
[   71s] + mv build _build.python311
[   71s] + '[' -d _build.python310 ']'
[   71s] + echo python310
[   71s] + python_flavor=python310
[   71s] + /usr/bin/python3.10 setup.py build '--executable=/usr/bin/python3.10 -s'
[   74s] + RPM_EC=0
[   74s] ++ jobs -p
[   74s] + exit 0
[   74s] Executing(%install): /usr/bin/bash -e /var/tmp/rpm-tmp.TI38w3
[   74s] + umask 022
[   74s] + cd /home/abuild/rpmbuild/BUILD
[   74s] + /usr/bin/rm -rf /home/abuild/rpmbuild/BUILDROOT/python-cepa-1.8.4-1.2.riscv64
[   74s] + /usr/bin/mkdir -p /home/abuild/rpmbuild/BUILDROOT
[   74s] + /usr/bin/mkdir /home/abuild/rpmbuild/BUILDROOT/python-cepa-1.8.4-1.2.riscv64
[   74s] + cd cepa-1.8.4
[   74s] ++ '[' -f _current_flavor ']'
[   74s] ++ cat _current_flavor
[   74s] + last_flavor=python310
[   74s] + '[' -z python310 ']'
[   74s] + '[' python310 '!=' python38 ']'
[   74s] + '[' -d build ']'
[   74s] + mv build _build.python310
[   74s] + '[' -d _build.python38 ']'
[   74s] + mv _build.python38 build
[   74s] + echo python38
[   74s] + python_flavor=python38
[   74s] + /usr/bin/python3.8 setup.py install -O1 --skip-build --force --root /home/abuild/rpmbuild/BUILDROOT/python-cepa-1.8.4-1.2.riscv64 --prefix /usr
[   82s] /usr/lib/python3.8/site-packages/setuptools/command/install.py:34: SetuptoolsDeprecationWarning: setup.py install is deprecated. Use build and pip and other standards-based tools.
[   82s]   warnings.warn(
[   82s] warning: no previously-included files matching '__pycache__' found anywhere in distribution
[   82s] warning: no previously-included files matching '*.orig' found anywhere in distribution
[   82s] warning: no previously-included files matching '*.pyc' found anywhere in distribution
[   82s] warning: no previously-included files matching '*.swp' found anywhere in distribution
[   82s] warning: no previously-included files matching '*.swo' found anywhere in distribution
[   82s] warning: no previously-included files matching '.tox' found anywhere in distribution
[   82s] warning: no previously-included files matching '*~' found anywhere in distribution
[   82s] warning: no previously-included files matching '*' found under directory 'test/data'
[   82s] warning: no previously-included files matching '*' found under directory 'docs/_build'
[   82s] ++ '[' -f _current_flavor ']'
[   82s] ++ cat _current_flavor
[   82s] + last_flavor=python38
[   82s] + '[' -z python38 ']'
[   82s] + '[' python38 '!=' python39 ']'
[   82s] + '[' -d build ']'
[   82s] + mv build _build.python38
[   82s] + '[' -d _build.python39 ']'
[   82s] + mv _build.python39 build
[   82s] + echo python39
[   82s] + python_flavor=python39
[   82s] + /usr/bin/python3.9 setup.py install -O1 --skip-build --force --root /home/abuild/rpmbuild/BUILDROOT/python-cepa-1.8.4-1.2.riscv64 --prefix /usr
[   84s] /usr/lib/python3.9/site-packages/setuptools/command/install.py:34: SetuptoolsDeprecationWarning: setup.py install is deprecated. Use build and pip and other standards-based tools.
[   84s]   warnings.warn(
[   90s] warning: no previously-included files matching '__pycache__' found anywhere in distribution
[   90s] warning: no previously-included files matching '*.orig' found anywhere in distribution
[   90s] warning: no previously-included files matching '*.pyc' found anywhere in distribution
[   90s] warning: no previously-included files matching '*.swp' found anywhere in distribution
[   90s] warning: no previously-included files matching '*.swo' found anywhere in distribution
[   90s] warning: no previously-included files matching '.tox' found anywhere in distribution
[   90s] warning: no previously-included files matching '*~' found anywhere in distribution
[   90s] warning: no previously-included files matching '*' found under directory 'test/data'
[   90s] warning: no previously-included files matching '*' found under directory 'docs/_build'
[   90s] ++ '[' -f _current_flavor ']'
[   90s] ++ cat _current_flavor
[   90s] + last_flavor=python39
[   90s] + '[' -z python39 ']'
[   90s] + '[' python39 '!=' python311 ']'
[   90s] + '[' -d build ']'
[   90s] + mv build _build.python39
[   90s] + '[' -d _build.python311 ']'
[   90s] + mv _build.python311 build
[   90s] + echo python311
[   90s] + python_flavor=python311
[   90s] + /usr/bin/python3.11 setup.py install -O1 --skip-build --force --root /home/abuild/rpmbuild/BUILDROOT/python-cepa-1.8.4-1.2.riscv64 --prefix /usr
[   92s] /usr/lib/python3.11/site-packages/setuptools/command/install.py:34: SetuptoolsDeprecationWarning: setup.py install is deprecated. Use build and pip and other standards-based tools.
[   92s]   warnings.warn(
[   98s] warning: no previously-included files matching '__pycache__' found anywhere in distribution
[   98s] warning: no previously-included files matching '*.orig' found anywhere in distribution
[   98s] warning: no previously-included files matching '*.pyc' found anywhere in distribution
[   98s] warning: no previously-included files matching '*.swp' found anywhere in distribution
[   98s] warning: no previously-included files matching '*.swo' found anywhere in distribution
[   98s] warning: no previously-included files matching '.tox' found anywhere in distribution
[   98s] warning: no previously-included files matching '*~' found anywhere in distribution
[   98s] warning: no previously-included files matching '*' found under directory 'test/data'
[   98s] warning: no previously-included files matching '*' found under directory 'docs/_build'
[   98s] ++ '[' -f _current_flavor ']'
[   98s] ++ cat _current_flavor
[   98s] + last_flavor=python311
[   98s] + '[' -z python311 ']'
[   98s] + '[' python311 '!=' python310 ']'
[   98s] + '[' -d build ']'
[   98s] + mv build _build.python311
[   98s] + '[' -d _build.python310 ']'
[   98s] + mv _build.python310 build
[   98s] + echo python310
[   98s] + python_flavor=python310
[   98s] + /usr/bin/python3.10 setup.py install -O1 --skip-build --force --root /home/abuild/rpmbuild/BUILDROOT/python-cepa-1.8.4-1.2.riscv64 --prefix /usr
[  101s] /usr/lib/python3.10/site-packages/setuptools/command/install.py:34: SetuptoolsDeprecationWarning: setup.py install is deprecated. Use build and pip and other standards-based tools.
[  101s]   warnings.warn(
[  106s] warning: no previously-included files matching '__pycache__' found anywhere in distribution
[  106s] warning: no previously-included files matching '*.orig' found anywhere in distribution
[  106s] warning: no previously-included files matching '*.pyc' found anywhere in distribution
[  106s] warning: no previously-included files matching '*.swp' found anywhere in distribution
[  106s] warning: no previously-included files matching '*.swo' found anywhere in distribution
[  106s] warning: no previously-included files matching '.tox' found anywhere in distribution
[  106s] warning: no previously-included files matching '*~' found anywhere in distribution
[  106s] warning: no previously-included files matching '*' found under directory 'test/data'
[  106s] warning: no previously-included files matching '*' found under directory 'docs/_build'
[  107s] + cp /home/abuild/rpmbuild/BUILDROOT/python-cepa-1.8.4-1.2.riscv64/usr/bin/tor-prompt /home/abuild/rpmbuild/BUILDROOT/python-cepa-1.8.4-1.2.riscv64/usr/bin/tor-prompt-3.8
[  107s] + sed -ri '1s@#!.*python.*@#!/usr/bin/python3.8@' /home/abuild/rpmbuild/BUILDROOT/python-cepa-1.8.4-1.2.riscv64/usr/bin/tor-prompt-3.8
[  107s] + cp /home/abuild/rpmbuild/BUILDROOT/python-cepa-1.8.4-1.2.riscv64/usr/bin/tor-prompt /home/abuild/rpmbuild/BUILDROOT/python-cepa-1.8.4-1.2.riscv64/usr/bin/tor-prompt-3.9
[  107s] + sed -ri '1s@#!.*python.*@#!/usr/bin/python3.9@' /home/abuild/rpmbuild/BUILDROOT/python-cepa-1.8.4-1.2.riscv64/usr/bin/tor-prompt-3.9
[  107s] + cp /home/abuild/rpmbuild/BUILDROOT/python-cepa-1.8.4-1.2.riscv64/usr/bin/tor-prompt /home/abuild/rpmbuild/BUILDROOT/python-cepa-1.8.4-1.2.riscv64/usr/bin/tor-prompt-3.11
[  107s] + sed -ri '1s@#!.*python.*@#!/usr/bin/python3.11@' /home/abuild/rpmbuild/BUILDROOT/python-cepa-1.8.4-1.2.riscv64/usr/bin/tor-prompt-3.11
[  107s] + cp /home/abuild/rpmbuild/BUILDROOT/python-cepa-1.8.4-1.2.riscv64/usr/bin/tor-prompt /home/abuild/rpmbuild/BUILDROOT/python-cepa-1.8.4-1.2.riscv64/usr/bin/tor-prompt-3.10
[  107s] + sed -ri '1s@#!.*python.*@#!/usr/bin/python3.10@' /home/abuild/rpmbuild/BUILDROOT/python-cepa-1.8.4-1.2.riscv64/usr/bin/tor-prompt-3.10
[  107s] + rm -f /home/abuild/rpmbuild/BUILDROOT/python-cepa-1.8.4-1.2.riscv64/usr/bin/tor-prompt
[  107s] + alternative_target=/usr/bin/tor-prompt
[  107s] + [[ /usr/bin/tor-prompt == /usr/share/man* ]]
[  107s] + '[' 0 -eq 1 ']'
[  107s] + mkdir -p /home/abuild/rpmbuild/BUILDROOT/python-cepa-1.8.4-1.2.riscv64/etc/alternatives
[  107s] + touch /home/abuild/rpmbuild/BUILDROOT/python-cepa-1.8.4-1.2.riscv64/etc/alternatives/tor-prompt
[  107s] + ln -sf /etc/alternatives/tor-prompt /home/abuild/rpmbuild/BUILDROOT/python-cepa-1.8.4-1.2.riscv64/usr/bin/tor-prompt
[  107s] ++ '[' -f _current_flavor ']'
[  107s] ++ cat _current_flavor
[  107s] + last_flavor=python310
[  107s] + '[' -z python310 ']'
[  107s] + '[' python310 '!=' python38 ']'
[  107s] + '[' -d build ']'
[  107s] + mv build _build.python310
[  107s] + '[' -d _build.python38 ']'
[  107s] + mv _build.python38 build
[  107s] + echo python38
[  107s] + python_flavor=python38
[  107s] + /usr/lib/rpm/fdupes_wrapper /home/abuild/rpmbuild/BUILDROOT/python-cepa-1.8.4-1.2.riscv64/usr/lib/python3.8/site-packages
[  107s] Linking /home/abuild/rpmbuild/BUILDROOT/python-cepa-1.8.4-1.2.riscv64/usr/lib/python3.8/site-packages/stem/util/__pycache__/lru_cache.cpython-38.opt-1.pyc -> /home/abuild/rpmbuild/BUILDROOT/python-cepa-1.8.4-1.2.riscv64/usr/lib/python3.8/site-packages/stem/util/__pycache__/lru_cache.cpython-38.pyc
[  107s] Linking /home/abuild/rpmbuild/BUILDROOT/python-cepa-1.8.4-1.2.riscv64/usr/lib/python3.8/site-packages/stem/descriptor/__pycache__/hidden_service_descriptor.cpython-38.opt-1.pyc -> /home/abuild/rpmbuild/BUILDROOT/python-cepa-1.8.4-1.2.riscv64/usr/lib/python3.8/site-packages/stem/descriptor/__pycache__/hidden_service_descriptor.cpython-38.pyc
[  107s] ++ '[' -f _current_flavor ']'
[  107s] ++ cat _current_flavor
[  107s] + last_flavor=python38
[  107s] + '[' -z python38 ']'
[  107s] + '[' python38 '!=' python39 ']'
[  107s] + '[' -d build ']'
[  107s] + mv build _build.python38
[  107s] + '[' -d _build.python39 ']'
[  107s] + mv _build.python39 build
[  107s] + echo python39
[  107s] + python_flavor=python39
[  107s] + /usr/lib/rpm/fdupes_wrapper /home/abuild/rpmbuild/BUILDROOT/python-cepa-1.8.4-1.2.riscv64/usr/lib/python3.9/site-packages
[  108s] Linking /home/abuild/rpmbuild/BUILDROOT/python-cepa-1.8.4-1.2.riscv64/usr/lib/python3.9/site-packages/stem/util/__pycache__/lru_cache.cpython-39.opt-1.pyc -> /home/abuild/rpmbuild/BUILDROOT/python-cepa-1.8.4-1.2.riscv64/usr/lib/python3.9/site-packages/stem/util/__pycache__/lru_cache.cpython-39.pyc
[  108s] Linking /home/abuild/rpmbuild/BUILDROOT/python-cepa-1.8.4-1.2.riscv64/usr/lib/python3.9/site-packages/stem/descriptor/__pycache__/hidden_service_descriptor.cpython-39.opt-1.pyc -> /home/abuild/rpmbuild/BUILDROOT/python-cepa-1.8.4-1.2.riscv64/usr/lib/python3.9/site-packages/stem/descriptor/__pycache__/hidden_service_descriptor.cpython-39.pyc
[  108s] ++ '[' -f _current_flavor ']'
[  108s] ++ cat _current_flavor
[  108s] + last_flavor=python39
[  108s] + '[' -z python39 ']'
[  108s] + '[' python39 '!=' python311 ']'
[  108s] + '[' -d build ']'
[  108s] + mv build _build.python39
[  108s] + '[' -d _build.python311 ']'
[  108s] + mv _build.python311 build
[  108s] + echo python311
[  108s] + python_flavor=python311
[  108s] + /usr/lib/rpm/fdupes_wrapper /home/abuild/rpmbuild/BUILDROOT/python-cepa-1.8.4-1.2.riscv64/usr/lib/python3.11/site-packages
[  108s] Linking /home/abuild/rpmbuild/BUILDROOT/python-cepa-1.8.4-1.2.riscv64/usr/lib/python3.11/site-packages/stem/__pycache__/version.cpython-311.opt-1.pyc -> /home/abuild/rpmbuild/BUILDROOT/python-cepa-1.8.4-1.2.riscv64/usr/lib/python3.11/site-packages/stem/__pycache__/version.cpython-311.pyc
[  108s] Linking /home/abuild/rpmbuild/BUILDROOT/python-cepa-1.8.4-1.2.riscv64/usr/lib/python3.11/site-packages/stem/__pycache__/socket.cpython-311.opt-1.pyc -> /home/abuild/rpmbuild/BUILDROOT/python-cepa-1.8.4-1.2.riscv64/usr/lib/python3.11/site-packages/stem/__pycache__/socket.cpython-311.pyc
[  108s] Linking /home/abuild/rpmbuild/BUILDROOT/python-cepa-1.8.4-1.2.riscv64/usr/lib/python3.11/site-packages/stem/__pycache__/process.cpython-311.opt-1.pyc -> /home/abuild/rpmbuild/BUILDROOT/python-cepa-1.8.4-1.2.riscv64/usr/lib/python3.11/site-packages/stem/__pycache__/process.cpython-311.pyc
[  108s] Linking /home/abuild/rpmbuild/BUILDROOT/python-cepa-1.8.4-1.2.riscv64/usr/lib/python3.11/site-packages/stem/__pycache__/prereq.cpython-311.opt-1.pyc -> /home/abuild/rpmbuild/BUILDROOT/python-cepa-1.8.4-1.2.riscv64/usr/lib/python3.11/site-packages/stem/__pycache__/prereq.cpython-311.pyc
[  108s] Linking /home/abuild/rpmbuild/BUILDROOT/python-cepa-1.8.4-1.2.riscv64/usr/lib/python3.11/site-packages/stem/__pycache__/manual.cpython-311.opt-1.pyc -> /home/abuild/rpmbuild/BUILDROOT/python-cepa-1.8.4-1.2.riscv64/usr/lib/python3.11/site-packages/stem/__pycache__/manual.cpython-311.pyc
[  108s] Linking /home/abuild/rpmbuild/BUILDROOT/python-cepa-1.8.4-1.2.riscv64/usr/lib/python3.11/site-packages/stem/__pycache__/exit_policy.cpython-311.opt-1.pyc -> /home/abuild/rpmbuild/BUILDROOT/python-cepa-1.8.4-1.2.riscv64/usr/lib/python3.11/site-packages/stem/__pycache__/exit_policy.cpython-311.pyc
[  108s] Linking /home/abuild/rpmbuild/BUILDROOT/python-cepa-1.8.4-1.2.riscv64/usr/lib/python3.11/site-packages/stem/__pycache__/directory.cpython-311.opt-1.pyc -> /home/abuild/rpmbuild/BUILDROOT/python-cepa-1.8.4-1.2.riscv64/usr/lib/python3.11/site-packages/stem/__pycache__/directory.cpython-311.pyc
[  108s] Linking /home/abuild/rpmbuild/BUILDROOT/python-cepa-1.8.4-1.2.riscv64/usr/lib/python3.11/site-packages/stem/__pycache__/control.cpython-311.opt-1.pyc -> /home/abuild/rpmbuild/BUILDROOT/python-cepa-1.8.4-1.2.riscv64/usr/lib/python3.11/site-packages/stem/__pycache__/control.cpython-311.pyc
[  108s] Linking /home/abuild/rpmbuild/BUILDROOT/python-cepa-1.8.4-1.2.riscv64/usr/lib/python3.11/site-packages/stem/__pycache__/connection.cpython-311.opt-1.pyc -> /home/abuild/rpmbuild/BUILDROOT/python-cepa-1.8.4-1.2.riscv64/usr/lib/python3.11/site-packages/stem/__pycache__/connection.cpython-311.pyc
[  108s] Linking /home/abuild/rpmbuild/BUILDROOT/python-cepa-1.8.4-1.2.riscv64/usr/lib/python3.11/site-packages/stem/__pycache__/__init__.cpython-311.opt-1.pyc -> /home/abuild/rpmbuild/BUILDROOT/python-cepa-1.8.4-1.2.riscv64/usr/lib/python3.11/site-packages/stem/__pycache__/__init__.cpython-311.pyc
[  108s] Linking /home/abuild/rpmbuild/BUILDROOT/python-cepa-1.8.4-1.2.riscv64/usr/lib/python3.11/site-packages/stem/util/__pycache__/tor_tools.cpython-311.opt-1.pyc -> /home/abuild/rpmbuild/BUILDROOT/python-cepa-1.8.4-1.2.riscv64/usr/lib/python3.11/site-packages/stem/util/__pycache__/tor_tools.cpython-311.pyc
[  108s] Linking /home/abuild/rpmbuild/BUILDROOT/python-cepa-1.8.4-1.2.riscv64/usr/lib/python3.11/site-packages/stem/util/__pycache__/test_tools.cpython-311.opt-1.pyc -> /home/abuild/rpmbuild/BUILDROOT/python-cepa-1.8.4-1.2.riscv64/usr/lib/python3.11/site-packages/stem/util/__pycache__/test_tools.cpython-311.pyc
[  108s] Linking /home/abuild/rpmbuild/BUILDROOT/python-cepa-1.8.4-1.2.riscv64/usr/lib/python3.11/site-packages/stem/util/__pycache__/term.cpython-311.opt-1.pyc -> /home/abuild/rpmbuild/BUILDROOT/python-cepa-1.8.4-1.2.riscv64/usr/lib/python3.11/site-packages/stem/util/__pycache__/term.cpython-311.pyc
[  108s] Linking /home/abuild/rpmbuild/BUILDROOT/python-cepa-1.8.4-1.2.riscv64/usr/lib/python3.11/site-packages/stem/util/__pycache__/system.cpython-311.opt-1.pyc -> /home/abuild/rpmbuild/BUILDROOT/python-cepa-1.8.4-1.2.riscv64/usr/lib/python3.11/site-packages/stem/util/__pycache__/system.cpython-311.pyc
[  108s] Linking /home/abuild/rpmbuild/BUILDROOT/python-cepa-1.8.4-1.2.riscv64/usr/lib/python3.11/site-packages/stem/util/__pycache__/str_tools.cpython-311.opt-1.pyc -> /home/abuild/rpmbuild/BUILDROOT/python-cepa-1.8.4-1.2.riscv64/usr/lib/python3.11/site-packages/stem/util/__pycache__/str_tools.cpython-311.pyc
[  108s] Linking /home/abuild/rpmbuild/BUILDROOT/python-cepa-1.8.4-1.2.riscv64/usr/lib/python3.11/site-packages/stem/util/__pycache__/proc.cpython-311.opt-1.pyc -> /home/abuild/rpmbuild/BUILDROOT/python-cepa-1.8.4-1.2.riscv64/usr/lib/python3.11/site-packages/stem/util/__pycache__/proc.cpython-311.pyc
[  108s] Linking /home/abuild/rpmbuild/BUILDROOT/python-cepa-1.8.4-1.2.riscv64/usr/lib/python3.11/site-packages/stem/util/__pycache__/ordereddict.cpython-311.opt-1.pyc -> /home/abuild/rpmbuild/BUILDROOT/python-cepa-1.8.4-1.2.riscv64/usr/lib/python3.11/site-packages/stem/util/__pycache__/ordereddict.cpython-311.pyc
[  108s] Linking /home/abuild/rpmbuild/BUILDROOT/python-cepa-1.8.4-1.2.riscv64/usr/lib/python3.11/site-packages/stem/util/__pycache__/lru_cache.cpython-311.opt-1.pyc -> /home/abuild/rpmbuild/BUILDROOT/python-cepa-1.8.4-1.2.riscv64/usr/lib/python3.11/site-packages/stem/util/__pycache__/lru_cache.cpython-311.pyc
[  108s] Linking /home/abuild/rpmbuild/BUILDROOT/python-cepa-1.8.4-1.2.riscv64/usr/lib/python3.11/site-packages/stem/util/__pycache__/log.cpython-311.opt-1.pyc -> /home/abuild/rpmbuild/BUILDROOT/python-cepa-1.8.4-1.2.riscv64/usr/lib/python3.11/site-packages/stem/util/__pycache__/log.cpython-311.pyc
[  108s] Linking /home/abuild/rpmbuild/BUILDROOT/python-cepa-1.8.4-1.2.riscv64/usr/lib/python3.11/site-packages/stem/util/__pycache__/enum.cpython-311.opt-1.pyc -> /home/abuild/rpmbuild/BUILDROOT/python-cepa-1.8.4-1.2.riscv64/usr/lib/python3.11/site-packages/stem/util/__pycache__/enum.cpython-311.pyc
[  108s] Linking /home/abuild/rpmbuild/BUILDROOT/python-cepa-1.8.4-1.2.riscv64/usr/lib/python3.11/site-packages/stem/util/__pycache__/ed25519.cpython-311.opt-1.pyc -> /home/abuild/rpmbuild/BUILDROOT/python-cepa-1.8.4-1.2.riscv64/usr/lib/python3.11/site-packages/stem/util/__pycache__/ed25519.cpython-311.pyc
[  108s] Linking /home/abuild/rpmbuild/BUILDROOT/python-cepa-1.8.4-1.2.riscv64/usr/lib/python3.11/site-packages/stem/util/__pycache__/connection.cpython-311.opt-1.pyc -> /home/abuild/rpmbuild/BUILDROOT/python-cepa-1.8.4-1.2.riscv64/usr/lib/python3.11/site-packages/stem/util/__pycache__/connection.cpython-311.pyc
[  108s] Linking /home/abuild/rpmbuild/BUILDROOT/python-cepa-1.8.4-1.2.riscv64/usr/lib/python3.11/site-packages/stem/util/__pycache__/conf.cpython-311.opt-1.pyc -> /home/abuild/rpmbuild/BUILDROOT/python-cepa-1.8.4-1.2.riscv64/usr/lib/python3.11/site-packages/stem/util/__pycache__/conf.cpython-311.pyc
[  108s] Linking /home/abuild/rpmbuild/BUILDROOT/python-cepa-1.8.4-1.2.riscv64/usr/lib/python3.11/site-packages/stem/util/__pycache__/__init__.cpython-311.opt-1.pyc -> /home/abuild/rpmbuild/BUILDROOT/python-cepa-1.8.4-1.2.riscv64/usr/lib/python3.11/site-packages/stem/util/__pycache__/__init__.cpython-311.pyc
[  108s] Linking /home/abuild/rpmbuild/BUILDROOT/python-cepa-1.8.4-1.2.riscv64/usr/lib/python3.11/site-packages/stem/response/__pycache__/protocolinfo.cpython-311.opt-1.pyc -> /home/abuild/rpmbuild/BUILDROOT/python-cepa-1.8.4-1.2.riscv64/usr/lib/python3.11/site-packages/stem/response/__pycache__/protocolinfo.cpython-311.pyc
[  108s] Linking /home/abuild/rpmbuild/BUILDROOT/python-cepa-1.8.4-1.2.riscv64/usr/lib/python3.11/site-packages/stem/response/__pycache__/getinfo.cpython-311.opt-1.pyc -> /home/abuild/rpmbuild/BUILDROOT/python-cepa-1.8.4-1.2.riscv64/usr/lib/python3.11/site-packages/stem/response/__pycache__/getinfo.cpython-311.pyc
[  108s] Linking /home/abuild/rpmbuild/BUILDROOT/python-cepa-1.8.4-1.2.riscv64/usr/lib/python3.11/site-packages/stem/response/__pycache__/getconf.cpython-311.opt-1.pyc -> /home/abuild/rpmbuild/BUILDROOT/python-cepa-1.8.4-1.2.riscv64/usr/lib/python3.11/site-packages/stem/response/__pycache__/getconf.cpython-311.pyc
[  108s] Linking /home/abuild/rpmbuild/BUILDROOT/python-cepa-1.8.4-1.2.riscv64/usr/lib/python3.11/site-packages/stem/response/__pycache__/events.cpython-311.opt-1.pyc -> /home/abuild/rpmbuild/BUILDROOT/python-cepa-1.8.4-1.2.riscv64/usr/lib/python3.11/site-packages/stem/response/__pycache__/events.cpython-311.pyc
[  108s] Linking /home/abuild/rpmbuild/BUILDROOT/python-cepa-1.8.4-1.2.riscv64/usr/lib/python3.11/site-packages/stem/response/__pycache__/mapaddress.cpython-311.opt-1.pyc -> /home/abuild/rpmbuild/BUILDROOT/python-cepa-1.8.4-1.2.riscv64/usr/lib/python3.11/site-packages/stem/response/__pycache__/mapaddress.cpython-311.pyc
[  108s] Linking /home/abuild/rpmbuild/BUILDROOT/python-cepa-1.8.4-1.2.riscv64/usr/lib/python3.11/site-packages/stem/response/__pycache__/add_onion.cpython-311.opt-1.pyc -> /home/abuild/rpmbuild/BUILDROOT/python-cepa-1.8.4-1.2.riscv64/usr/lib/python3.11/site-packages/stem/response/__pycache__/add_onion.cpython-311.pyc
[  108s] Linking /home/abuild/rpmbuild/BUILDROOT/python-cepa-1.8.4-1.2.riscv64/usr/lib/python3.11/site-packages/stem/response/__pycache__/__init__.cpython-311.opt-1.pyc -> /home/abuild/rpmbuild/BUILDROOT/python-cepa-1.8.4-1.2.riscv64/usr/lib/python3.11/site-packages/stem/response/__pycache__/__init__.cpython-311.pyc
[  108s] Linking /home/abuild/rpmbuild/BUILDROOT/python-cepa-1.8.4-1.2.riscv64/usr/lib/python3.11/site-packages/stem/response/__pycache__/authchallenge.cpython-311.opt-1.pyc -> /home/abuild/rpmbuild/BUILDROOT/python-cepa-1.8.4-1.2.riscv64/usr/lib/python3.11/site-packages/stem/response/__pycache__/authchallenge.cpython-311.pyc
[  108s] Linking /home/abuild/rpmbuild/BUILDROOT/python-cepa-1.8.4-1.2.riscv64/usr/lib/python3.11/site-packages/stem/interpreter/__pycache__/help.cpython-311.opt-1.pyc -> /home/abuild/rpmbuild/BUILDROOT/python-cepa-1.8.4-1.2.riscv64/usr/lib/python3.11/site-packages/stem/interpreter/__pycache__/help.cpython-311.pyc
[  108s] Linking /home/abuild/rpmbuild/BUILDROOT/python-cepa-1.8.4-1.2.riscv64/usr/lib/python3.11/site-packages/stem/interpreter/__pycache__/commands.cpython-311.opt-1.pyc -> /home/abuild/rpmbuild/BUILDROOT/python-cepa-1.8.4-1.2.riscv64/usr/lib/python3.11/site-packages/stem/interpreter/__pycache__/commands.cpython-311.pyc
[  108s] Linking /home/abuild/rpmbuild/BUILDROOT/python-cepa-1.8.4-1.2.riscv64/usr/lib/python3.11/site-packages/stem/interpreter/__pycache__/arguments.cpython-311.opt-1.pyc -> /home/abuild/rpmbuild/BUILDROOT/python-cepa-1.8.4-1.2.riscv64/usr/lib/python3.11/site-packages/stem/interpreter/__pycache__/arguments.cpython-311.pyc
[  108s] Linking /home/abuild/rpmbuild/BUILDROOT/python-cepa-1.8.4-1.2.riscv64/usr/lib/python3.11/site-packages/stem/interpreter/__pycache__/__init__.cpython-311.opt-1.pyc -> /home/abuild/rpmbuild/BUILDROOT/python-cepa-1.8.4-1.2.riscv64/usr/lib/python3.11/site-packages/stem/interpreter/__pycache__/__init__.cpython-311.pyc
[  108s] Linking /home/abuild/rpmbuild/BUILDROOT/python-cepa-1.8.4-1.2.riscv64/usr/lib/python3.11/site-packages/stem/interpreter/__pycache__/autocomplete.cpython-311.opt-1.pyc -> /home/abuild/rpmbuild/BUILDROOT/python-cepa-1.8.4-1.2.riscv64/usr/lib/python3.11/site-packages/stem/interpreter/__pycache__/autocomplete.cpython-311.pyc
[  108s] Linking /home/abuild/rpmbuild/BUILDROOT/python-cepa-1.8.4-1.2.riscv64/usr/lib/python3.11/site-packages/stem/descriptor/__pycache__/tordnsel.cpython-311.opt-1.pyc -> /home/abuild/rpmbuild/BUILDROOT/python-cepa-1.8.4-1.2.riscv64/usr/lib/python3.11/site-packages/stem/descriptor/__pycache__/tordnsel.cpython-311.pyc
[  108s] Linking /home/abuild/rpmbuild/BUILDROOT/python-cepa-1.8.4-1.2.riscv64/usr/lib/python3.11/site-packages/stem/descriptor/__pycache__/server_descriptor.cpython-311.opt-1.pyc -> /home/abuild/rpmbuild/BUILDROOT/python-cepa-1.8.4-1.2.riscv64/usr/lib/python3.11/site-packages/stem/descriptor/__pycache__/server_descriptor.cpython-311.pyc
[  108s] Linking /home/abuild/rpmbuild/BUILDROOT/python-cepa-1.8.4-1.2.riscv64/usr/lib/python3.11/site-packages/stem/descriptor/__pycache__/remote.cpython-311.opt-1.pyc -> /home/abuild/rpmbuild/BUILDROOT/python-cepa-1.8.4-1.2.riscv64/usr/lib/python3.11/site-packages/stem/descriptor/__pycache__/remote.cpython-311.pyc
[  108s] Linking /home/abuild/rpmbuild/BUILDROOT/python-cepa-1.8.4-1.2.riscv64/usr/lib/python3.11/site-packages/stem/descriptor/__pycache__/reader.cpython-311.opt-1.pyc -> /home/abuild/rpmbuild/BUILDROOT/python-cepa-1.8.4-1.2.riscv64/usr/lib/python3.11/site-packages/stem/descriptor/__pycache__/reader.cpython-311.pyc
[  108s] Linking /home/abuild/rpmbuild/BUILDROOT/python-cepa-1.8.4-1.2.riscv64/usr/lib/python3.11/site-packages/stem/descriptor/__pycache__/networkstatus.cpython-311.opt-1.pyc -> /home/abuild/rpmbuild/BUILDROOT/python-cepa-1.8.4-1.2.riscv64/usr/lib/python3.11/site-packages/stem/descriptor/__pycache__/networkstatus.cpython-311.pyc
[  108s] Linking /home/abuild/rpmbuild/BUILDROOT/python-cepa-1.8.4-1.2.riscv64/usr/lib/python3.11/site-packages/stem/descriptor/__pycache__/microdescriptor.cpython-311.opt-1.pyc -> /home/abuild/rpmbuild/BUILDROOT/python-cepa-1.8.4-1.2.riscv64/usr/lib/python3.11/site-packages/stem/descriptor/__pycache__/microdescriptor.cpython-311.pyc
[  108s] Linking /home/abuild/rpmbuild/BUILDROOT/python-cepa-1.8.4-1.2.riscv64/usr/lib/python3.11/site-packages/stem/descriptor/__pycache__/router_status_entry.cpython-311.opt-1.pyc -> /home/abuild/rpmbuild/BUILDROOT/python-cepa-1.8.4-1.2.riscv64/usr/lib/python3.11/site-packages/stem/descriptor/__pycache__/router_status_entry.cpython-311.pyc
[  108s] Linking /home/abuild/rpmbuild/BUILDROOT/python-cepa-1.8.4-1.2.riscv64/usr/lib/python3.11/site-packages/stem/descriptor/__pycache__/hidden_service.cpython-311.opt-1.pyc -> /home/abuild/rpmbuild/BUILDROOT/python-cepa-1.8.4-1.2.riscv64/usr/lib/python3.11/site-packages/stem/descriptor/__pycache__/hidden_service.cpython-311.pyc
[  108s] Linking /home/abuild/rpmbuild/BUILDROOT/python-cepa-1.8.4-1.2.riscv64/usr/lib/python3.11/site-packages/stem/descriptor/__pycache__/hidden_service_descriptor.cpython-311.opt-1.pyc -> /home/abuild/rpmbuild/BUILDROOT/python-cepa-1.8.4-1.2.riscv64/usr/lib/python3.11/site-packages/stem/descriptor/__pycache__/hidden_service_descriptor.cpython-311.pyc
[  108s] Linking /home/abuild/rpmbuild/BUILDROOT/python-cepa-1.8.4-1.2.riscv64/usr/lib/python3.11/site-packages/stem/descriptor/__pycache__/export.cpython-311.opt-1.pyc -> /home/abuild/rpmbuild/BUILDROOT/python-cepa-1.8.4-1.2.riscv64/usr/lib/python3.11/site-packages/stem/descriptor/__pycache__/export.cpython-311.pyc
[  108s] Linking /home/abuild/rpmbuild/BUILDROOT/python-cepa-1.8.4-1.2.riscv64/usr/lib/python3.11/site-packages/stem/descriptor/__pycache__/collector.cpython-311.opt-1.pyc -> /home/abuild/rpmbuild/BUILDROOT/python-cepa-1.8.4-1.2.riscv64/usr/lib/python3.11/site-packages/stem/descriptor/__pycache__/collector.cpython-311.pyc
[  108s] Linking /home/abuild/rpmbuild/BUILDROOT/python-cepa-1.8.4-1.2.riscv64/usr/lib/python3.11/site-packages/stem/descriptor/__pycache__/certificate.cpython-311.opt-1.pyc -> /home/abuild/rpmbuild/BUILDROOT/python-cepa-1.8.4-1.2.riscv64/usr/lib/python3.11/site-packages/stem/descriptor/__pycache__/certificate.cpython-311.pyc
[  108s] Linking /home/abuild/rpmbuild/BUILDROOT/python-cepa-1.8.4-1.2.riscv64/usr/lib/python3.11/site-packages/stem/descriptor/__pycache__/extrainfo_descriptor.cpython-311.opt-1.pyc -> /home/abuild/rpmbuild/BUILDROOT/python-cepa-1.8.4-1.2.riscv64/usr/lib/python3.11/site-packages/stem/descriptor/__pycache__/extrainfo_descriptor.cpython-311.pyc
[  108s] Linking /home/abuild/rpmbuild/BUILDROOT/python-cepa-1.8.4-1.2.riscv64/usr/lib/python3.11/site-packages/stem/descriptor/__pycache__/__init__.cpython-311.opt-1.pyc -> /home/abuild/rpmbuild/BUILDROOT/python-cepa-1.8.4-1.2.riscv64/usr/lib/python3.11/site-packages/stem/descriptor/__pycache__/__init__.cpython-311.pyc
[  108s] Linking /home/abuild/rpmbuild/BUILDROOT/python-cepa-1.8.4-1.2.riscv64/usr/lib/python3.11/site-packages/stem/descriptor/__pycache__/bandwidth_file.cpython-311.opt-1.pyc -> /home/abuild/rpmbuild/BUILDROOT/python-cepa-1.8.4-1.2.riscv64/usr/lib/python3.11/site-packages/stem/descriptor/__pycache__/bandwidth_file.cpython-311.pyc
[  108s] Linking /home/abuild/rpmbuild/BUILDROOT/python-cepa-1.8.4-1.2.riscv64/usr/lib/python3.11/site-packages/stem/client/__pycache__/datatype.cpython-311.opt-1.pyc -> /home/abuild/rpmbuild/BUILDROOT/python-cepa-1.8.4-1.2.riscv64/usr/lib/python3.11/site-packages/stem/client/__pycache__/datatype.cpython-311.pyc
[  108s] Linking /home/abuild/rpmbuild/BUILDROOT/python-cepa-1.8.4-1.2.riscv64/usr/lib/python3.11/site-packages/stem/client/__pycache__/cell.cpython-311.opt-1.pyc -> /home/abuild/rpmbuild/BUILDROOT/python-cepa-1.8.4-1.2.riscv64/usr/lib/python3.11/site-packages/stem/client/__pycache__/cell.cpython-311.pyc
[  108s] Linking /home/abuild/rpmbuild/BUILDROOT/python-cepa-1.8.4-1.2.riscv64/usr/lib/python3.11/site-packages/stem/client/__pycache__/__init__.cpython-311.opt-1.pyc -> /home/abuild/rpmbuild/BUILDROOT/python-cepa-1.8.4-1.2.riscv64/usr/lib/python3.11/site-packages/stem/client/__pycache__/__init__.cpython-311.pyc
[  108s] ++ '[' -f _current_flavor ']'
[  108s] ++ cat _current_flavor
[  108s] + last_flavor=python311
[  108s] + '[' -z python311 ']'
[  108s] + '[' python311 '!=' python310 ']'
[  108s] + '[' -d build ']'
[  108s] + mv build _build.python311
[  108s] + '[' -d _build.python310 ']'
[  108s] + mv _build.python310 build
[  108s] + echo python310
[  108s] + python_flavor=python310
[  108s] + /usr/lib/rpm/fdupes_wrapper /home/abuild/rpmbuild/BUILDROOT/python-cepa-1.8.4-1.2.riscv64/usr/lib/python3.10/site-packages
[  108s] Linking /home/abuild/rpmbuild/BUILDROOT/python-cepa-1.8.4-1.2.riscv64/usr/lib/python3.10/site-packages/stem/util/__pycache__/lru_cache.cpython-310.opt-1.pyc -> /home/abuild/rpmbuild/BUILDROOT/python-cepa-1.8.4-1.2.riscv64/usr/lib/python3.10/site-packages/stem/util/__pycache__/lru_cache.cpython-310.pyc
[  108s] Linking /home/abuild/rpmbuild/BUILDROOT/python-cepa-1.8.4-1.2.riscv64/usr/lib/python3.10/site-packages/stem/descriptor/__pycache__/hidden_service_descriptor.cpython-310.opt-1.pyc -> /home/abuild/rpmbuild/BUILDROOT/python-cepa-1.8.4-1.2.riscv64/usr/lib/python3.10/site-packages/stem/descriptor/__pycache__/hidden_service_descriptor.cpython-310.pyc
[  108s] + /usr/lib/rpm/find-debuginfo -j6 -n --run-dwz --dwz-low-mem-die-limit 10000000 --dwz-max-die-limit 50000000 -S debugsourcefiles.list /home/abuild/rpmbuild/BUILD/cepa-1.8.4
[  109s] + /usr/lib/rpm/brp-compress
[  109s] + /usr/lib/rpm/brp-suse
[  109s] calling /usr/lib/rpm/brp-suse.d/brp-05-permissions
[  109s] calling /usr/lib/rpm/brp-suse.d/brp-15-strip-debug
[  109s] calling /usr/lib/rpm/brp-suse.d/brp-25-symlink
[  109s] calling /usr/lib/rpm/brp-suse.d/brp-50-generate-fips-hmac
[  109s] calling /usr/lib/rpm/brp-suse.d/brp-75-ar
[  110s] Executing(%check): /usr/bin/bash -e /var/tmp/rpm-tmp.V3GQl5
[  110s] + umask 022
[  110s] + cd /home/abuild/rpmbuild/BUILD
[  110s] + cd cepa-1.8.4
[  110s] ++ '[' -f _current_flavor ']'
[  110s] ++ cat _current_flavor
[  110s] + last_flavor=python310
[  110s] + '[' -z python310 ']'
[  110s] + '[' python310 '!=' python38 ']'
[  110s] + '[' -d build ']'
[  110s] + mv build _build.python310
[  110s] + '[' -d _build.python38 ']'
[  110s] + mv _build.python38 build
[  110s] + echo python38
[  110s] + python_flavor=python38
[  110s] + export PYTHONPATH=/home/abuild/rpmbuild/BUILDROOT/python-cepa-1.8.4-1.2.riscv64/usr/lib/python3.8/site-packages
[  110s] + PYTHONPATH=/home/abuild/rpmbuild/BUILDROOT/python-cepa-1.8.4-1.2.riscv64/usr/lib/python3.8/site-packages
[  110s] + python3.8 run_tests.py -u
[  113s] ======================================================================
[  113s]                              INITIALISING                             
[  113s] ======================================================================
[  113s] 
[  113s]   stem version...                            1.8.3
[  113s]   python version...                          3.8.16
[  113s]   operating system...                        Linux
[  113s]   cryptography version...                    missing
[  113s]   pyflakes version...                        3.0.1
[  113s]   pycodestyle version...                     2.10.0
[  113s]   checking for orphaned .pyc files...        done (0.0s)
[  113s]   checking for unused tests...               done (0.1s)
[  115s]   importing test modules...                  done (1.8s)
[  115s]   running pyflakes...                        running
[  115s]   running pycodestyle...                     running
[  115s] 
[  115s] ======================================================================
[  115s]                               UNIT TESTS                              
[  115s] ======================================================================
[  115s] 
[  115s]   util.enum...                                         success (0.01s)
[  115s]   util.connection...                                   success (0.38s)
[  115s]   util.conf...                                         success (0.01s)
[  115s]   util.log...                                          success (0.00s)
[  115s]   util.proc...                                         success (0.12s)
[  115s]   util.str_tools...                                    success (0.02s)
[  115s]   util.system...                                       success (0.19s)
[  115s]   util.term...                                         success (0.00s)
[  115s]   util.tor_tools...                                    success (0.05s)
[  115s]   util.__init__...                                     success (0.00s)
[  115s]   installation...                                      success (0.02s)
[  115s]   descriptor.descriptor...                             success (0.04s)
[  115s]   descriptor.compression...                            success (0.04s)
[  116s]   descriptor.export...                                 success (0.03s)
[  116s]   descriptor.reader...                                 success (0.45s)
[  124s]   descriptor.collector...                              success (7.63s)
[  124s]   descriptor.remote...                                 success (0.83s)
[  125s]   descriptor.server_descriptor...                      success (0.37s)
[  125s]   descriptor.extrainfo_descriptor...                   success (0.38s)
[  125s]   descriptor.microdescriptor...                        success (0.03s)
[  125s]   descriptor.router_status_entry...                    success (0.17s)
[  125s]   descriptor.tordnsel...                               success (0.01s)
[  125s]   descriptor.networkstatus.detached_signature...       success (0.03s)
[  126s]   descriptor.networkstatus.directory_authority...      success (0.09s)
[  126s]   descriptor.networkstatus.key_certificate...          success (0.09s)
[  126s]   descriptor.networkstatus.document_v2...              success (0.01s)
[  126s]   descriptor.networkstatus.document_v3...              success (0.78s)
[  126s]   descriptor.networkstatus.bridge_document...          success (0.01s)
[  126s]   descriptor.hidden_service_v2...                      success (0.07s)
[  127s]   descriptor.hidden_service_v3...                      success (0.06s)
[  127s]   descriptor.certificate...                            success (0.04s)
[  127s]   descriptor.bandwidth_file...                         success (0.08s)
[  127s]   exit_policy.rule...                                  success (0.10s)
[  127s]   exit_policy.policy...                                success (0.47s)
[  127s]   endpoint...                                          success (0.01s)
[  127s]   version...                                           success (0.05s)
[  127s]   manual...                                            success (0.17s)
[  127s]   directory.authority...                               success (0.03s)
[  128s]   directory.fallback...                                success (0.20s)
[  128s]   tutorial...                                          success (0.16s)
[  128s]   tutorial_examples...                                 success (0.28s)
[  128s]   response.add_onion...                                success (0.01s)
[  128s]   response.control_message...                          success (0.04s)
[  128s]   response.control_line...                             success (0.01s)
[  128s]   response.events...                                   success (0.15s)
[  128s]   response.getinfo...                                  success (0.01s)
[  128s]   response.getconf...                                  success (0.01s)
[  128s]   response.singleline...                               success (0.01s)
[  128s]   response.authchallenge...                            success (0.01s)
[  128s]   response.protocolinfo...                             success (0.02s)
[  128s]   response.mapaddress...                               success (0.01s)
[  128s]   client.size...                                       success (0.02s)
[  128s]   client.address...                                    success (0.02s)
[  128s]   client.link_protocol...                              success (0.01s)
[  128s]   client.certificate...                                success (0.01s)
[  128s]   client.link_specifier...                             success (0.01s)
[  128s]   client.kdf...                                        success (0.00s)
[  129s]   client.cell...                                       success (0.09s)
[  129s]   connection.authentication...                         success (0.51s)
[  129s]   connection.connect...                                success (0.06s)
[  130s]   control.controller...                                success (0.91s)
[  130s]   interpreter.arguments...                             success (0.03s)
[  130s]   interpreter.autocomplete...                          success (0.01s)
[  130s]   interpreter.help...                                  success (0.02s)
[  130s]   interpreter.commands...                              success (0.11s)
[  131s]   doctest...                                           success (0.64s)
[  131s] 
[  195s] STATIC CHECKS
[  195s] * /home/abuild/rpmbuild/BUILD/cepa-1.8.4/stem/prereq.py
[  195s]   line 24   - 'inspect' imported but unused            | import inspect
[  195s] 
[  195s] * /home/abuild/rpmbuild/BUILD/cepa-1.8.4/stem/util/ed25519.py
[  195s]   line 59   - undefined name 'xrange'                  | range = xrange
[  195s] 
[  195s] * /home/abuild/rpmbuild/BUILD/cepa-1.8.4/stem/descriptor/hidden_service.py
[  195s]   line 289  - E741 ambiguous variable name 'l'         | link_specifiers = link_count + b''.join([l.pack() for l in self.link_specifiers])
[  195s] 
[  195s] * /home/abuild/rpmbuild/BUILD/cepa-1.8.4/stem/interpreter/commands.py
[  195s]   line 274  - E741 ambiguous variable name 'l'         | lines += [format(l, *STANDARD_OUTPUT) for l in str(desc).splitlines()]
[  195s] 
[  195s] * /home/abuild/rpmbuild/BUILD/cepa-1.8.4/setup.py
[  195s]   line 157  - use single rather than double quotes     | "setuptools >= 65.4.1"
[  195s] 
[  195s] 32 TESTS WERE SKIPPED
[  195s] TESTING PASSED (82 seconds)
[  195s] 
[  195s] ++ '[' -f _current_flavor ']'
[  195s] ++ cat _current_flavor
[  195s] + last_flavor=python38
[  195s] + '[' -z python38 ']'
[  195s] + '[' python38 '!=' python39 ']'
[  195s] + '[' -d build ']'
[  195s] + mv build _build.python38
[  195s] + '[' -d _build.python39 ']'
[  195s] + mv _build.python39 build
[  195s] + echo python39
[  195s] + python_flavor=python39
[  195s] + export PYTHONPATH=/home/abuild/rpmbuild/BUILDROOT/python-cepa-1.8.4-1.2.riscv64/usr/lib/python3.9/site-packages
[  195s] + PYTHONPATH=/home/abuild/rpmbuild/BUILDROOT/python-cepa-1.8.4-1.2.riscv64/usr/lib/python3.9/site-packages
[  195s] + python3.9 run_tests.py -u
[  198s] ======================================================================
[  198s]                              INITIALISING                             
[  198s] ======================================================================
[  198s] 
[  198s]   stem version...                            1.8.3
[  198s]   python version...                          3.9.16
[  198s]   operating system...                        Linux
[  198s]   cryptography version...                    missing
[  198s]   pyflakes version...                        3.0.1
[  198s]   pycodestyle version...                     2.10.0
[  198s]   checking for orphaned .pyc files...        done (0.0s)
[  198s]   checking for unused tests...               done (0.1s)
[  201s]   importing test modules...                  done (2.3s)
[  201s]   running pyflakes...                        running
[  201s]   running pycodestyle...                     running
[  201s] 
[  201s] ======================================================================
[  201s]                               UNIT TESTS                              
[  201s] ======================================================================
[  201s] 
[  201s]   util.enum...                                         success (0.01s)
[  201s]   util.connection...                                   success (0.34s)
[  201s]   util.conf...                                         success (0.01s)
[  201s]   util.log...                                          success (0.00s)
[  201s]   util.proc...                                         success (0.10s)
[  201s]   util.str_tools...                                    success (0.02s)
[  201s]   util.system...                                       success (0.17s)
[  201s]   util.term...                                         success (0.00s)
[  201s]   util.tor_tools...                                    success (0.01s)
[  201s]   util.__init__...                                     success (0.00s)
[  201s]   installation...                                      success (0.02s)
[  201s]   descriptor.descriptor...                             success (0.04s)
[  201s]   descriptor.compression...                            success (0.03s)
[  202s]   descriptor.export...                                 success (0.03s)
[  202s]   descriptor.reader...                                 success (0.45s)
[  209s]   descriptor.collector...                              success (7.34s)
[  210s]   descriptor.remote...                                 success (0.72s)
[  210s]   descriptor.server_descriptor...                      success (0.36s)
[  211s]   descriptor.extrainfo_descriptor...                   success (0.39s)
[  211s]   descriptor.microdescriptor...                        success (0.03s)
[  211s]   descriptor.router_status_entry...                    success (0.20s)
[  211s]   descriptor.tordnsel...                               success (0.01s)
[  211s]   descriptor.networkstatus.detached_signature...       success (0.03s)
[  211s]   descriptor.networkstatus.directory_authority...      success (0.07s)
[  211s]   descriptor.networkstatus.key_certificate...          success (0.09s)
[  211s]   descriptor.networkstatus.document_v2...              success (0.02s)
[  212s]   descriptor.networkstatus.document_v3...              success (0.76s)
[  212s]   descriptor.networkstatus.bridge_document...          success (0.01s)
[  212s]   descriptor.hidden_service_v2...                      success (0.07s)
[  212s]   descriptor.hidden_service_v3...                      success (0.05s)
[  212s]   descriptor.certificate...                            success (0.04s)
[  212s]   descriptor.bandwidth_file...                         success (0.09s)
[  212s]   exit_policy.rule...                                  success (0.10s)
[  213s]   exit_policy.policy...                                success (0.43s)
[  213s]   endpoint...                                          success (0.01s)
[  213s]   version...                                           success (0.05s)
[  213s]   manual...                                            success (0.17s)
[  213s]   directory.authority...                               success (0.03s)
[  213s]   directory.fallback...                                success (0.19s)
[  213s]   tutorial...                                          success (0.13s)
[  214s]   tutorial_examples...                                 success (0.25s)
[  214s]   response.add_onion...                                success (0.01s)
[  214s]   response.control_message...                          success (0.03s)
[  214s]   response.control_line...                             success (0.02s)
[  214s]   response.events...                                   success (0.15s)
[  214s]   response.getinfo...                                  success (0.01s)
[  214s]   response.getconf...                                  success (0.01s)
[  214s]   response.singleline...                               success (0.01s)
[  214s]   response.authchallenge...                            success (0.01s)
[  214s]   response.protocolinfo...                             success (0.02s)
[  214s]   response.mapaddress...                               success (0.01s)
[  214s]   client.size...                                       success (0.02s)
[  214s]   client.address...                                    success (0.02s)
[  214s]   client.link_protocol...                              success (0.01s)
[  214s]   client.certificate...                                success (0.01s)
[  214s]   client.link_specifier...                             success (0.02s)
[  214s]   client.kdf...                                        success (0.00s)
[  214s]   client.cell...                                       success (0.12s)
[  215s]   connection.authentication...                         success (0.52s)
[  215s]   connection.connect...                                success (0.05s)
[  215s]   control.controller...                                success (0.74s)
[  215s]   interpreter.arguments...                             success (0.03s)
[  215s]   interpreter.autocomplete...                          success (0.01s)
[  215s]   interpreter.help...                                  success (0.02s)
[  216s]   interpreter.commands...                              success (0.09s)
[  216s]   doctest...                                           success (0.63s)
[  216s] 
[  278s] STATIC CHECKS
[  278s] * /home/abuild/rpmbuild/BUILD/cepa-1.8.4/stem/prereq.py
[  278s]   line 24   - 'inspect' imported but unused            | import inspect
[  278s] 
[  278s] * /home/abuild/rpmbuild/BUILD/cepa-1.8.4/stem/util/ed25519.py
[  278s]   line 59   - undefined name 'xrange'                  | range = xrange
[  278s] 
[  278s] * /home/abuild/rpmbuild/BUILD/cepa-1.8.4/stem/descriptor/hidden_service.py
[  278s]   line 289  - E741 ambiguous variable name 'l'         | link_specifiers = link_count + b''.join([l.pack() for l in self.link_specifiers])
[  278s] 
[  278s] * /home/abuild/rpmbuild/BUILD/cepa-1.8.4/stem/interpreter/commands.py
[  278s]   line 274  - E741 ambiguous variable name 'l'         | lines += [format(l, *STANDARD_OUTPUT) for l in str(desc).splitlines()]
[  278s] 
[  278s] * /home/abuild/rpmbuild/BUILD/cepa-1.8.4/setup.py
[  278s]   line 157  - use single rather than double quotes     | "setuptools >= 65.4.1"
[  278s] 
[  278s] 32 TESTS WERE SKIPPED
[  278s] TESTING PASSED (79 seconds)
[  278s] 
[  278s] ++ '[' -f _current_flavor ']'
[  278s] ++ cat _current_flavor
[  278s] + last_flavor=python39
[  278s] + '[' -z python39 ']'
[  278s] + '[' python39 '!=' python311 ']'
[  278s] + '[' -d build ']'
[  278s] + mv build _build.python39
[  278s] + '[' -d _build.python311 ']'
[  278s] + mv _build.python311 build
[  278s] + echo python311
[  278s] + python_flavor=python311
[  278s] + export PYTHONPATH=/home/abuild/rpmbuild/BUILDROOT/python-cepa-1.8.4-1.2.riscv64/usr/lib/python3.11/site-packages
[  278s] + PYTHONPATH=/home/abuild/rpmbuild/BUILDROOT/python-cepa-1.8.4-1.2.riscv64/usr/lib/python3.11/site-packages
[  278s] + python3.11 run_tests.py -u
[  281s] ======================================================================
[  281s]                              INITIALISING                             
[  281s] ======================================================================
[  281s] 
[  281s]   stem version...                            1.8.3
[  281s]   python version...                          3.11.1
[  281s]   operating system...                        Linux
[  281s]   cryptography version...                    missing
[  281s]   pyflakes version...                        3.0.1
[  281s]   pycodestyle version...                     2.10.0
[  281s]   checking for orphaned .pyc files...        done (0.0s)
[  281s]   checking for unused tests...               done (0.1s)
[  284s]   importing test modules...                  done (2.5s)
[  284s]   running pyflakes...                        running
[  284s]   running pycodestyle...                     running
[  284s] 
[  284s] ======================================================================
[  284s]                               UNIT TESTS                              
[  284s] ======================================================================
[  284s] 
[  284s]   util.enum...                                         success (0.02s)
[  284s]   util.connection...                                   success (0.35s)
[  284s]   util.conf...                                         success (0.01s)
[  284s]   util.log...                                          success (0.00s)
[  284s]   util.proc...                                         success (0.10s)
[  284s]   util.str_tools...                                    success (0.02s)
[  285s]   util.system...                                       success (0.13s)
[  285s]   util.term...                                         success (0.01s)
[  285s]   util.tor_tools...                                    success (0.01s)
[  285s]   util.__init__...                                     success (0.00s)
[  285s]   installation...                                      success (0.02s)
[  285s]   descriptor.descriptor...                             success (0.03s)
[  285s]   descriptor.compression...                            success (0.03s)
[  285s]   descriptor.export...                                 success (0.03s)
[  285s]   descriptor.reader...                                 success (0.40s)
[  291s]   descriptor.collector...                              success (5.94s)
[  292s]   descriptor.remote...                                 success (0.68s)
[  292s]   descriptor.server_descriptor...                      success (0.48s)
[  292s]   descriptor.extrainfo_descriptor...                   success (0.33s)
[  292s]   descriptor.microdescriptor...                        success (0.02s)
[  293s]   descriptor.router_status_entry...                    success (0.14s)
[  293s]   descriptor.tordnsel...                               success (0.01s)
[  293s]   descriptor.networkstatus.detached_signature...       success (0.03s)
[  293s]   descriptor.networkstatus.directory_authority...      success (0.07s)
[  293s]   descriptor.networkstatus.key_certificate...          success (0.08s)
[  293s]   descriptor.networkstatus.document_v2...              success (0.01s)
[  293s]   descriptor.networkstatus.document_v3...              success (0.63s)
[  293s]   descriptor.networkstatus.bridge_document...          success (0.01s)
[  294s]   descriptor.hidden_service_v2...                      success (0.06s)
[  294s]   descriptor.hidden_service_v3...                      success (0.05s)
[  294s]   descriptor.certificate...                            success (0.03s)
[  294s]   descriptor.bandwidth_file...                         success (0.07s)
[  294s]   exit_policy.rule...                                  success (0.07s)
[  294s]   exit_policy.policy...                                success (0.37s)
[  294s]   endpoint...                                          success (0.01s)
[  294s]   version...                                           success (0.04s)
[  294s]   manual...                                            success (0.15s)
[  294s]   directory.authority...                               success (0.02s)
[  295s]   directory.fallback...                                success (0.16s)
[  295s]   tutorial...                                          success (0.13s)
[  295s]   tutorial_examples...                                 success (0.24s)
[  295s]   response.add_onion...                                success (0.01s)
[  295s]   response.control_message...                          success (0.03s)
[  295s]   response.control_line...                             success (0.01s)
[  295s]   response.events...                                   success (0.14s)
[  295s]   response.getinfo...                                  success (0.01s)
[  295s]   response.getconf...                                  success (0.01s)
[  295s]   response.singleline...                               success (0.00s)
[  295s]   response.authchallenge...                            success (0.01s)
[  295s]   response.protocolinfo...                             success (0.02s)
[  295s]   response.mapaddress...                               success (0.01s)
[  295s]   client.size...                                       success (0.01s)
[  295s]   client.address...                                    success (0.02s)
[  295s]   client.link_protocol...                              success (0.01s)
[  295s]   client.certificate...                                success (0.00s)
[  295s]   client.link_specifier...                             success (0.01s)
[  295s]   client.kdf...                                        success (0.00s)
[  295s]   client.cell...                                       success (0.07s)
[  296s]   connection.authentication...                         success (0.50s)
[  296s]   connection.connect...                                success (0.05s)
[  297s]   control.controller...                                failed (0.95s)
[  297s] test_add_event_listener
[  297s] Exercises the add_event_listener and remove_event_listener methods.[SUCCESS]
[  297s] test_attach_stream
[  297s] Exercises the attach_stream() method.                        [SUCCESS]
[  297s] test_drop_guards
[  297s] Exercises the drop_guards() method.                          [SUCCESS]
[  297s] test_event_description                                17 ms  [SUCCESS]
[  297s] test_event_description_includes_all_events             5 ms  [SUCCESS]
[  297s] test_event_listing_with_error
[  297s] Raise an exception in an event listener to confirm it doesn't break our[SUCCESS]
[  297s] test_event_listing_with_malformed_event
[  297s] Attempt to parse a malformed event emitted from Tor. It's important this[SUCCESS]
[  297s] test_events_get_received
[  297s] Trigger an event, checking that our listeners get notified.  [SUCCESS]
[  297s] test_get_accounting_stats
[  297s] Exercises the get_accounting_stats() method.                 [FAILURE]
[  297s] test_get_effective_rate
[  297s] Exercise the get_effective_rate() method.                    [FAILURE]
[  297s] test_get_exit_policy
[  297s] Exercises the get_exit_policy() method.                      [SUCCESS]
[  297s] test_get_exit_policy_if_not_relaying                  25 ms  [SUCCESS]
[  297s] test_get_info                                         10 ms  [SUCCESS]
[  297s] test_get_info_address_caching                                [FAILURE]
[  297s] test_get_info_without_fingerprint                            [FAILURE]
[  297s] test_get_network_status
[  297s] Exercises the get_network_status() method.                   [FAILURE]
[  297s] test_get_network_status_for_ourselves
[  297s] Exercises the get_network_status() method for getting our own relay.[FAILURE]
[  297s] test_get_network_status_when_unavailable
[  297s] Exercises the get_network_status() method.                   [FAILURE]
[  297s] test_get_pid_by_getinfo
[  297s] Exercise the get_pid() resolution via its getinfo option.    [SUCCESS]
[  297s] test_get_pid_by_name
[  297s] Exercise the get_pid() resolution via the process name.      [FAILURE]
[  297s] test_get_pid_by_pid_file
[  297s] Exercise the get_pid() resolution via a PidFile.             [FAILURE]
[  297s] test_get_pid_remote
[  297s] Exercise the get_pid() method for a non-local socket.        [FAILURE]
[  297s] test_get_ports
[  297s] Exercises the get_ports() and get_listeners() methods.       [SUCCESS]
[  297s] test_get_protocolinfo
[  297s] Exercises the get_protocolinfo() method.                     [FAILURE]
[  297s] test_get_socks_listeners_new
[  297s] Exercises the get_socks_listeners() method as if talking to a newer tor[FAILURE]
[  297s] test_get_socks_listeners_old
[  297s] Exercises the get_socks_listeners() method as though talking to an old tor[FAILURE]
[  297s] test_get_streams
[  297s] Exercises the get_streams() method.                          [SUCCESS]
[  297s] test_get_uptime_by_getinfo
[  297s] Exercise the get_uptime() resolution via a GETINFO query.    [FAILURE]
[  297s] test_get_uptime_by_process
[  297s] Exercise the get_uptime() resolution via process age.        [SUCCESS]
[  297s] test_get_user_by_getinfo
[  297s] Exercise the get_user() resolution via its getinfo option.   [SUCCESS]
[  297s] test_get_user_by_system
[  297s] Exercise the get_user() resolution via the system module.    [FAILURE]
[  297s] test_get_user_remote
[  297s] Exercise the get_user() method for a non-local socket.       [FAILURE]
[  297s] test_get_version
[  297s] Exercises the get_version() method.                          [FAILURE]
[  297s] test_parse_circ_path
[  297s] Exercises the _parse_circ_path() helper function.            [SUCCESS]
[  297s] test_timeout
[  297s] Methods that have an 'await' argument also have an optional timeout. Check[FAILURE]
[  297s] 
[  297s] ======================================================================
[  297s] ERROR: test_get_accounting_stats
[  297s] Exercises the get_accounting_stats() method.
[  297s] ----------------------------------------------------------------------
[  297s] Traceback (most recent call last):
[  297s]   File "/home/abuild/rpmbuild/BUILD/cepa-1.8.4/stem/control.py", line 489, in wrapped
[  297s]     return func(self, *args, **kwargs)
[  297s]            ^^^^^^^^^^^^^^^^^^^^^^^^^^^
[  297s]   File "/home/abuild/rpmbuild/BUILD/cepa-1.8.4/stem/control.py", line 1509, in get_accounting_stats
[  297s]     if self.get_info('accounting/enabled') != '1':
[  297s]        ^^^^^^^^^^^^^^^^^^^^^^^^^^^^^^^^^^^
[  297s]   File "/usr/lib64/python3.11/unittest/mock.py", line 1118, in __call__
[  297s]     return self._mock_call(*args, **kwargs)
[  297s]            ^^^^^^^^^^^^^^^^^^^^^^^^^^^^^^^^
[  297s]   File "/usr/lib64/python3.11/unittest/mock.py", line 1122, in _mock_call
[  297s]     return self._execute_mock_call(*args, **kwargs)
[  297s]            ^^^^^^^^^^^^^^^^^^^^^^^^^^^^^^^^^^^^^^^^
[  297s]   File "/usr/lib64/python3.11/unittest/mock.py", line 1177, in _execute_mock_call
[  297s]     raise effect
[  297s] stem.ControllerError: nope, too bad
[  297s] 
[  297s] During handling of the above exception, another exception occurred:
[  297s] 
[  297s] Traceback (most recent call last):
[  297s]   File "/usr/lib64/python3.11/unittest/mock.py", line 1369, in patched
[  297s]     return func(*newargs, **newkeywargs)
[  297s]            ^^^^^^^^^^^^^^^^^^^^^^^^^^^^^
[  297s]   File "/home/abuild/rpmbuild/BUILD/cepa-1.8.4/test/unit/control/controller.py", line 455, in test_get_accounting_stats
[  297s]     self.assertRaises(ControllerError, self.controller.get_accounting_stats)
[  297s]   File "/usr/lib64/python3.11/unittest/case.py", line 766, in assertRaises
[  297s]     return context.handle('assertRaises', args, kwargs)
[  297s]            ^^^^^^^^^^^^^^^^^^^^^^^^^^^^^^^^^^^^^^^^^^^^
[  297s]   File "/usr/lib64/python3.11/unittest/case.py", line 237, in handle
[  297s]     callable_obj(*args, **kwargs)
[  297s]   File "/home/abuild/rpmbuild/BUILD/cepa-1.8.4/stem/control.py", line 491, in wrapped
[  297s]     default = get_default(func, args, kwargs)
[  297s]               ^^^^^^^^^^^^^^^^^^^^^^^^^^^^^^^
[  297s]   File "/home/abuild/rpmbuild/BUILD/cepa-1.8.4/stem/control.py", line 477, in get_default
[  297s]     arg_names = inspect.getargspec(func).args[1:]  # drop 'self'
[  297s]                 ^^^^^^^^^^^^^^^^^^
[  297s] AttributeError: module 'inspect' has no attribute 'getargspec'
[  297s] 
[  297s] ======================================================================
[  297s] ERROR: test_get_effective_rate
[  297s] Exercise the get_effective_rate() method.
[  297s] ----------------------------------------------------------------------
[  297s] Traceback (most recent call last):
[  297s]   File "/home/abuild/rpmbuild/BUILD/cepa-1.8.4/stem/control.py", line 489, in wrapped
[  297s]     return func(self, *args, **kwargs)
[  297s]            ^^^^^^^^^^^^^^^^^^^^^^^^^^^
[  297s]   File "/home/abuild/rpmbuild/BUILD/cepa-1.8.4/stem/control.py", line 3915, in get_effective_rate
[  297s]     attr_value = int(self.get_conf(attr))
[  297s]                      ^^^^^^^^^^^^^^^^^^^
[  297s]   File "/usr/lib64/python3.11/unittest/mock.py", line 1118, in __call__
[  297s]     return self._mock_call(*args, **kwargs)
[  297s]            ^^^^^^^^^^^^^^^^^^^^^^^^^^^^^^^^
[  297s]   File "/usr/lib64/python3.11/unittest/mock.py", line 1122, in _mock_call
[  297s]     return self._execute_mock_call(*args, **kwargs)
[  297s]            ^^^^^^^^^^^^^^^^^^^^^^^^^^^^^^^^^^^^^^^^
[  297s]   File "/usr/lib64/python3.11/unittest/mock.py", line 1177, in _execute_mock_call
[  297s]     raise effect
[  297s] stem.ControllerError: nope, too bad
[  297s] 
[  297s] During handling of the above exception, another exception occurred:
[  297s] 
[  297s] Traceback (most recent call last):
[  297s]   File "/usr/lib64/python3.11/unittest/mock.py", line 1369, in patched
[  297s]     return func(*newargs, **newkeywargs)
[  297s]            ^^^^^^^^^^^^^^^^^^^^^^^^^^^^^
[  297s]   File "/home/abuild/rpmbuild/BUILD/cepa-1.8.4/test/unit/control/controller.py", line 855, in test_get_effective_rate
[  297s]     self.assertRaises(ControllerError, self.controller.get_effective_rate)
[  297s]   File "/usr/lib64/python3.11/unittest/case.py", line 766, in assertRaises
[  297s]     return context.handle('assertRaises', args, kwargs)
[  297s]            ^^^^^^^^^^^^^^^^^^^^^^^^^^^^^^^^^^^^^^^^^^^^
[  297s]   File "/usr/lib64/python3.11/unittest/case.py", line 237, in handle
[  297s]     callable_obj(*args, **kwargs)
[  297s]   File "/home/abuild/rpmbuild/BUILD/cepa-1.8.4/stem/control.py", line 491, in wrapped
[  297s]     default = get_default(func, args, kwargs)
[  297s]               ^^^^^^^^^^^^^^^^^^^^^^^^^^^^^^^
[  297s]   File "/home/abuild/rpmbuild/BUILD/cepa-1.8.4/stem/control.py", line 477, in get_default
[  297s]     arg_names = inspect.getargspec(func).args[1:]  # drop 'self'
[  297s]                 ^^^^^^^^^^^^^^^^^^
[  297s] AttributeError: module 'inspect' has no attribute 'getargspec'
[  297s] 
[  297s] ======================================================================
[  297s] ERROR: test_get_info_address_caching
[  297s] ----------------------------------------------------------------------
[  297s] Traceback (most recent call last):
[  297s]   File "/home/abuild/rpmbuild/BUILD/cepa-1.8.4/stem/control.py", line 489, in wrapped
[  297s]     return func(self, *args, **kwargs)
[  297s]            ^^^^^^^^^^^^^^^^^^^^^^^^^^^
[  297s]   File "/home/abuild/rpmbuild/BUILD/cepa-1.8.4/stem/control.py", line 1209, in get_info
[  297s]     stem.response.convert('GETINFO', response)
[  297s]   File "/home/abuild/rpmbuild/BUILD/cepa-1.8.4/stem/response/__init__.py", line 124, in convert
[  297s]     message._parse_message(**kwargs)
[  297s]   File "/home/abuild/rpmbuild/BUILD/cepa-1.8.4/stem/response/getinfo.py", line 46, in _parse_message
[  297s]     raise stem.OperationFailed(error_code, error_msg)
[  297s] stem.OperationFailed: Address unknown
[  297s] 
[  297s] During handling of the above exception, another exception occurred:
[  297s] 
[  297s] Traceback (most recent call last):
[  297s]   File "/usr/lib64/python3.11/unittest/mock.py", line 1369, in patched
[  297s]     return func(*newargs, **newkeywargs)
[  297s]            ^^^^^^^^^^^^^^^^^^^^^^^^^^^^^
[  297s]   File "/home/abuild/rpmbuild/BUILD/cepa-1.8.4/test/unit/control/controller.py", line 72, in test_get_info_address_caching
[  297s]     self.assertRaisesWith(stem.OperationFailed, 'Address unknown', self.controller.get_info, 'address')
[  297s]   File "/home/abuild/rpmbuild/BUILD/cepa-1.8.4/stem/util/test_tools.py", line 288, in assertRaisesWith
[  297s]     return self.assertRaisesRegexp(exc_type, '^%s$' % re.escape(exc_msg), func, *args, **kwargs)
[  297s]            ^^^^^^^^^^^^^^^^^^^^^^^^^^^^^^^^^^^^^^^^^^^^^^^^^^^^^^^^^^^^^^^^^^^^^^^^^^^^^^^^^^^^^
[  297s]   File "/home/abuild/rpmbuild/BUILD/cepa-1.8.4/stem/util/test_tools.py", line 298, in assertRaisesRegexp
[  297s]     return super(original_type, self).assertRaisesRegexp(exc_type, exc_msg, func, *args, **kwargs)
[  297s]            ^^^^^^^^^^^^^^^^^^^^^^^^^^^^^^^^^^^^^^^^^^^^^^^^^^^^^^^^^^^^^^^^^^^^^^^^^^^^^^^^^^^^^^^
[  297s]   File "/usr/lib64/python3.11/unittest/case.py", line 1371, in deprecated_func
[  297s]     return original_func(*args, **kwargs)
[  297s]            ^^^^^^^^^^^^^^^^^^^^^^^^^^^^^^
[  297s]   File "/usr/lib64/python3.11/unittest/case.py", line 1318, in assertRaisesRegex
[  297s]     return context.handle('assertRaisesRegex', args, kwargs)
[  297s]            ^^^^^^^^^^^^^^^^^^^^^^^^^^^^^^^^^^^^^^^^^^^^^^^^^
[  297s]   File "/usr/lib64/python3.11/unittest/case.py", line 237, in handle
[  297s]     callable_obj(*args, **kwargs)
[  297s]   File "/home/abuild/rpmbuild/BUILD/cepa-1.8.4/stem/control.py", line 491, in wrapped
[  297s]     default = get_default(func, args, kwargs)
[  297s]               ^^^^^^^^^^^^^^^^^^^^^^^^^^^^^^^
[  297s]   File "/home/abuild/rpmbuild/BUILD/cepa-1.8.4/stem/control.py", line 477, in get_default
[  297s]     arg_names = inspect.getargspec(func).args[1:]  # drop 'self'
[  297s]                 ^^^^^^^^^^^^^^^^^^
[  297s] AttributeError: module 'inspect' has no attribute 'getargspec'
[  297s] 
[  297s] ======================================================================
[  297s] ERROR: test_get_info_without_fingerprint
[  297s] ----------------------------------------------------------------------
[  297s] Traceback (most recent call last):
[  297s]   File "/home/abuild/rpmbuild/BUILD/cepa-1.8.4/stem/control.py", line 489, in wrapped
[  297s]     return func(self, *args, **kwargs)
[  297s]            ^^^^^^^^^^^^^^^^^^^^^^^^^^^
[  297s]   File "/home/abuild/rpmbuild/BUILD/cepa-1.8.4/stem/control.py", line 1209, in get_info
[  297s]     stem.response.convert('GETINFO', response)
[  297s]   File "/home/abuild/rpmbuild/BUILD/cepa-1.8.4/stem/response/__init__.py", line 124, in convert
[  297s]     message._parse_message(**kwargs)
[  297s]   File "/home/abuild/rpmbuild/BUILD/cepa-1.8.4/stem/response/getinfo.py", line 46, in _parse_message
[  297s]     raise stem.OperationFailed(error_code, error_msg)
[  297s] stem.OperationFailed: Not running in server mode
[  297s] 
[  297s] During handling of the above exception, another exception occurred:
[  297s] 
[  297s] Traceback (most recent call last):
[  297s]   File "/usr/lib64/python3.11/unittest/mock.py", line 1369, in patched
[  297s]     return func(*newargs, **newkeywargs)
[  297s]            ^^^^^^^^^^^^^^^^^^^^^^^^^^^^^
[  297s]   File "/home/abuild/rpmbuild/BUILD/cepa-1.8.4/test/unit/control/controller.py", line 102, in test_get_info_without_fingerprint
[  297s]     self.assertRaisesWith(stem.OperationFailed, 'Not running in server mode', self.controller.get_info, 'fingerprint')
[  297s]   File "/home/abuild/rpmbuild/BUILD/cepa-1.8.4/stem/util/test_tools.py", line 288, in assertRaisesWith
[  297s]     return self.assertRaisesRegexp(exc_type, '^%s$' % re.escape(exc_msg), func, *args, **kwargs)
[  297s]            ^^^^^^^^^^^^^^^^^^^^^^^^^^^^^^^^^^^^^^^^^^^^^^^^^^^^^^^^^^^^^^^^^^^^^^^^^^^^^^^^^^^^^
[  297s]   File "/home/abuild/rpmbuild/BUILD/cepa-1.8.4/stem/util/test_tools.py", line 298, in assertRaisesRegexp
[  297s]     return super(original_type, self).assertRaisesRegexp(exc_type, exc_msg, func, *args, **kwargs)
[  297s]            ^^^^^^^^^^^^^^^^^^^^^^^^^^^^^^^^^^^^^^^^^^^^^^^^^^^^^^^^^^^^^^^^^^^^^^^^^^^^^^^^^^^^^^^
[  297s]   File "/usr/lib64/python3.11/unittest/case.py", line 1371, in deprecated_func
[  297s]     return original_func(*args, **kwargs)
[  297s]            ^^^^^^^^^^^^^^^^^^^^^^^^^^^^^^
[  297s]   File "/usr/lib64/python3.11/unittest/case.py", line 1318, in assertRaisesRegex
[  297s]     return context.handle('assertRaisesRegex', args, kwargs)
[  297s]            ^^^^^^^^^^^^^^^^^^^^^^^^^^^^^^^^^^^^^^^^^^^^^^^^^
[  297s]   File "/usr/lib64/python3.11/unittest/case.py", line 237, in handle
[  297s]     callable_obj(*args, **kwargs)
[  297s]   File "/home/abuild/rpmbuild/BUILD/cepa-1.8.4/stem/control.py", line 491, in wrapped
[  297s]     default = get_default(func, args, kwargs)
[  297s]               ^^^^^^^^^^^^^^^^^^^^^^^^^^^^^^^
[  297s]   File "/home/abuild/rpmbuild/BUILD/cepa-1.8.4/stem/control.py", line 477, in get_default
[  297s]     arg_names = inspect.getargspec(func).args[1:]  # drop 'self'
[  297s]                 ^^^^^^^^^^^^^^^^^^
[  297s] AttributeError: module 'inspect' has no attribute 'getargspec'
[  297s] 
[  297s] ======================================================================
[  297s] ERROR: test_get_network_status
[  297s] Exercises the get_network_status() method.
[  297s] ----------------------------------------------------------------------
[  297s] Traceback (most recent call last):
[  297s]   File "/home/abuild/rpmbuild/BUILD/cepa-1.8.4/stem/control.py", line 489, in wrapped
[  297s]     return func(self, *args, **kwargs)
[  297s]            ^^^^^^^^^^^^^^^^^^^^^^^^^^^
[  297s]   File "/home/abuild/rpmbuild/BUILD/cepa-1.8.4/stem/control.py", line 2065, in get_network_status
[  297s]     raise ValueError("'%s' isn't a valid fingerprint or nickname" % relay)
[  297s] ValueError: 'DE9B2A8E2CA32B2894C80A9F91DEC769F21526' isn't a valid fingerprint or nickname
[  297s] 
[  297s] During handling of the above exception, another exception occurred:
[  297s] 
[  297s] Traceback (most recent call last):
[  297s]   File "/usr/lib64/python3.11/unittest/mock.py", line 1369, in patched
[  297s]     return func(*newargs, **newkeywargs)
[  297s]            ^^^^^^^^^^^^^^^^^^^^^^^^^^^^^
[  297s]   File "/home/abuild/rpmbuild/BUILD/cepa-1.8.4/test/unit/control/controller.py", line 654, in test_get_network_status
[  297s]     self.assertRaises(ValueError, self.controller.get_network_status, hex_fingerprint)
[  297s]   File "/usr/lib64/python3.11/unittest/case.py", line 766, in assertRaises
[  297s]     return context.handle('assertRaises', args, kwargs)
[  297s]            ^^^^^^^^^^^^^^^^^^^^^^^^^^^^^^^^^^^^^^^^^^^^
[  297s]   File "/usr/lib64/python3.11/unittest/case.py", line 237, in handle
[  297s]     callable_obj(*args, **kwargs)
[  297s]   File "/home/abuild/rpmbuild/BUILD/cepa-1.8.4/stem/control.py", line 491, in wrapped
[  297s]     default = get_default(func, args, kwargs)
[  297s]               ^^^^^^^^^^^^^^^^^^^^^^^^^^^^^^^
[  297s]   File "/home/abuild/rpmbuild/BUILD/cepa-1.8.4/stem/control.py", line 477, in get_default
[  297s]     arg_names = inspect.getargspec(func).args[1:]  # drop 'self'
[  297s]                 ^^^^^^^^^^^^^^^^^^
[  297s] AttributeError: module 'inspect' has no attribute 'getargspec'
[  297s] 
[  297s] ======================================================================
[  297s] ERROR: test_get_network_status_for_ourselves
[  297s] Exercises the get_network_status() method for getting our own relay.
[  297s] ----------------------------------------------------------------------
[  297s] Traceback (most recent call last):
[  297s]   File "/home/abuild/rpmbuild/BUILD/cepa-1.8.4/stem/control.py", line 2056, in get_network_status
[  297s]     relay = self.get_info('fingerprint')
[  297s]             ^^^^^^^^^^^^^^^^^^^^^^^^^^^^
[  297s]   File "/usr/lib64/python3.11/unittest/mock.py", line 1118, in __call__
[  297s]     return self._mock_call(*args, **kwargs)
[  297s]            ^^^^^^^^^^^^^^^^^^^^^^^^^^^^^^^^
[  297s]   File "/usr/lib64/python3.11/unittest/mock.py", line 1122, in _mock_call
[  297s]     return self._execute_mock_call(*args, **kwargs)
[  297s]            ^^^^^^^^^^^^^^^^^^^^^^^^^^^^^^^^^^^^^^^^
[  297s]   File "/usr/lib64/python3.11/unittest/mock.py", line 1177, in _execute_mock_call
[  297s]     raise effect
[  297s] stem.ControllerError: nope, too bad
[  297s] 
[  297s] During handling of the above exception, another exception occurred:
[  297s] 
[  297s] Traceback (most recent call last):
[  297s]   File "/home/abuild/rpmbuild/BUILD/cepa-1.8.4/stem/control.py", line 489, in wrapped
[  297s]     return func(self, *args, **kwargs)
[  297s]            ^^^^^^^^^^^^^^^^^^^^^^^^^^^
[  297s]   File "/home/abuild/rpmbuild/BUILD/cepa-1.8.4/stem/control.py", line 2058, in get_network_status
[  297s]     raise stem.ControllerError('Unable to determine our own fingerprint: %s' % exc)
[  297s] stem.ControllerError: Unable to determine our own fingerprint: nope, too bad
[  297s] 
[  297s] During handling of the above exception, another exception occurred:
[  297s] 
[  297s] Traceback (most recent call last):
[  297s]   File "/usr/lib64/python3.11/unittest/mock.py", line 1369, in patched
[  297s]     return func(*newargs, **newkeywargs)
[  297s]            ^^^^^^^^^^^^^^^^^^^^^^^^^^^^^
[  297s]   File "/home/abuild/rpmbuild/BUILD/cepa-1.8.4/test/unit/control/controller.py", line 600, in test_get_network_status_for_ourselves
[  297s]     self.assertRaisesWith(ControllerError, exc_msg, self.controller.get_network_status)
[  297s]   File "/home/abuild/rpmbuild/BUILD/cepa-1.8.4/stem/util/test_tools.py", line 288, in assertRaisesWith
[  297s]     return self.assertRaisesRegexp(exc_type, '^%s$' % re.escape(exc_msg), func, *args, **kwargs)
[  297s]            ^^^^^^^^^^^^^^^^^^^^^^^^^^^^^^^^^^^^^^^^^^^^^^^^^^^^^^^^^^^^^^^^^^^^^^^^^^^^^^^^^^^^^
[  297s]   File "/home/abuild/rpmbuild/BUILD/cepa-1.8.4/stem/util/test_tools.py", line 298, in assertRaisesRegexp
[  297s]     return super(original_type, self).assertRaisesRegexp(exc_type, exc_msg, func, *args, **kwargs)
[  297s]            ^^^^^^^^^^^^^^^^^^^^^^^^^^^^^^^^^^^^^^^^^^^^^^^^^^^^^^^^^^^^^^^^^^^^^^^^^^^^^^^^^^^^^^^
[  297s]   File "/usr/lib64/python3.11/unittest/case.py", line 1371, in deprecated_func
[  297s]     return original_func(*args, **kwargs)
[  297s]            ^^^^^^^^^^^^^^^^^^^^^^^^^^^^^^
[  297s]   File "/usr/lib64/python3.11/unittest/case.py", line 1318, in assertRaisesRegex
[  297s]     return context.handle('assertRaisesRegex', args, kwargs)
[  297s]            ^^^^^^^^^^^^^^^^^^^^^^^^^^^^^^^^^^^^^^^^^^^^^^^^^
[  297s]   File "/usr/lib64/python3.11/unittest/case.py", line 237, in handle
[  297s]     callable_obj(*args, **kwargs)
[  297s]   File "/home/abuild/rpmbuild/BUILD/cepa-1.8.4/stem/control.py", line 491, in wrapped
[  297s]     default = get_default(func, args, kwargs)
[  297s]               ^^^^^^^^^^^^^^^^^^^^^^^^^^^^^^^
[  297s]   File "/home/abuild/rpmbuild/BUILD/cepa-1.8.4/stem/control.py", line 477, in get_default
[  297s]     arg_names = inspect.getargspec(func).args[1:]  # drop 'self'
[  297s]                 ^^^^^^^^^^^^^^^^^^
[  297s] AttributeError: module 'inspect' has no attribute 'getargspec'
[  297s] 
[  297s] ======================================================================
[  297s] ERROR: test_get_network_status_when_unavailable
[  297s] Exercises the get_network_status() method.
[  297s] ----------------------------------------------------------------------
[  297s] Traceback (most recent call last):
[  297s]   File "/home/abuild/rpmbuild/BUILD/cepa-1.8.4/stem/control.py", line 2068, in get_network_status
[  297s]     desc_content = self.get_info(query, get_bytes = True)
[  297s]                    ^^^^^^^^^^^^^^^^^^^^^^^^^^^^^^^^^^^^^^
[  297s]   File "/usr/lib64/python3.11/unittest/mock.py", line 1118, in __call__
[  297s]     return self._mock_call(*args, **kwargs)
[  297s]            ^^^^^^^^^^^^^^^^^^^^^^^^^^^^^^^^
[  297s]   File "/usr/lib64/python3.11/unittest/mock.py", line 1122, in _mock_call
[  297s]     return self._execute_mock_call(*args, **kwargs)
[  297s]            ^^^^^^^^^^^^^^^^^^^^^^^^^^^^^^^^^^^^^^^^
[  297s]   File "/usr/lib64/python3.11/unittest/mock.py", line 1177, in _execute_mock_call
[  297s]     raise effect
[  297s] stem.InvalidArguments: GETINFO request contained unrecognized keywords: ns/id/5AC9C5AA75BA1F18D8459B326B4B8111A856D290
[  297s] 
[  297s] During handling of the above exception, another exception occurred:
[  297s] 
[  297s] Traceback (most recent call last):
[  297s]   File "/home/abuild/rpmbuild/BUILD/cepa-1.8.4/stem/control.py", line 489, in wrapped
[  297s]     return func(self, *args, **kwargs)
[  297s]            ^^^^^^^^^^^^^^^^^^^^^^^^^^^
[  297s]   File "/home/abuild/rpmbuild/BUILD/cepa-1.8.4/stem/control.py", line 2071, in get_network_status
[  297s]     raise stem.DescriptorUnavailable("Tor was unable to provide the descriptor for '%s'" % relay)
[  297s] stem.DescriptorUnavailable: Tor was unable to provide the descriptor for '5AC9C5AA75BA1F18D8459B326B4B8111A856D290'
[  297s] 
[  297s] During handling of the above exception, another exception occurred:
[  297s] 
[  297s] Traceback (most recent call last):
[  297s]   File "/usr/lib64/python3.11/unittest/mock.py", line 1369, in patched
[  297s]     return func(*newargs, **newkeywargs)
[  297s]            ^^^^^^^^^^^^^^^^^^^^^^^^^^^^^
[  297s]   File "/home/abuild/rpmbuild/BUILD/cepa-1.8.4/test/unit/control/controller.py", line 623, in test_get_network_status_when_unavailable
[  297s]     self.assertRaisesWith(DescriptorUnavailable, exc_msg, self.controller.get_network_status, '5AC9C5AA75BA1F18D8459B326B4B8111A856D290')
[  297s]   File "/home/abuild/rpmbuild/BUILD/cepa-1.8.4/stem/util/test_tools.py", line 288, in assertRaisesWith
[  297s]     return self.assertRaisesRegexp(exc_type, '^%s$' % re.escape(exc_msg), func, *args, **kwargs)
[  297s]            ^^^^^^^^^^^^^^^^^^^^^^^^^^^^^^^^^^^^^^^^^^^^^^^^^^^^^^^^^^^^^^^^^^^^^^^^^^^^^^^^^^^^^
[  297s]   File "/home/abuild/rpmbuild/BUILD/cepa-1.8.4/stem/util/test_tools.py", line 298, in assertRaisesRegexp
[  297s]     return super(original_type, self).assertRaisesRegexp(exc_type, exc_msg, func, *args, **kwargs)
[  297s]            ^^^^^^^^^^^^^^^^^^^^^^^^^^^^^^^^^^^^^^^^^^^^^^^^^^^^^^^^^^^^^^^^^^^^^^^^^^^^^^^^^^^^^^^
[  297s]   File "/usr/lib64/python3.11/unittest/case.py", line 1371, in deprecated_func
[  297s]     return original_func(*args, **kwargs)
[  297s]            ^^^^^^^^^^^^^^^^^^^^^^^^^^^^^^
[  297s]   File "/usr/lib64/python3.11/unittest/case.py", line 1318, in assertRaisesRegex
[  297s]     return context.handle('assertRaisesRegex', args, kwargs)
[  297s]            ^^^^^^^^^^^^^^^^^^^^^^^^^^^^^^^^^^^^^^^^^^^^^^^^^
[  297s]   File "/usr/lib64/python3.11/unittest/case.py", line 237, in handle
[  297s]     callable_obj(*args, **kwargs)
[  297s]   File "/home/abuild/rpmbuild/BUILD/cepa-1.8.4/stem/control.py", line 491, in wrapped
[  297s]     default = get_default(func, args, kwargs)
[  297s]               ^^^^^^^^^^^^^^^^^^^^^^^^^^^^^^^
[  297s]   File "/home/abuild/rpmbuild/BUILD/cepa-1.8.4/stem/control.py", line 477, in get_default
[  297s]     arg_names = inspect.getargspec(func).args[1:]  # drop 'self'
[  297s]                 ^^^^^^^^^^^^^^^^^^
[  297s] AttributeError: module 'inspect' has no attribute 'getargspec'
[  297s] 
[  297s] ======================================================================
[  297s] ERROR: test_get_pid_by_name
[  297s] Exercise the get_pid() resolution via the process name.
[  297s] ----------------------------------------------------------------------
[  297s] Traceback (most recent call last):
[  297s]   File "/home/abuild/rpmbuild/BUILD/cepa-1.8.4/stem/control.py", line 489, in wrapped
[  297s]     return func(self, *args, **kwargs)
[  297s]            ^^^^^^^^^^^^^^^^^^^^^^^^^^^
[  297s]   File "/home/abuild/rpmbuild/BUILD/cepa-1.8.4/stem/control.py", line 1208, in get_info
[  297s]     response = self.msg('GETINFO %s' % ' '.join(params))
[  297s]                ^^^^^^^^^^^^^^^^^^^^^^^^^^^^^^^^^^^^^^^^^
[  297s]   File "/home/abuild/rpmbuild/BUILD/cepa-1.8.4/stem/control.py", line 662, in msg
[  297s]     self._socket.send(message)
[  297s]   File "/home/abuild/rpmbuild/BUILD/cepa-1.8.4/stem/socket.py", line 460, in send
[  297s]     self._send(message, lambda s, sf, msg: send_message(sf, msg))
[  297s]   File "/home/abuild/rpmbuild/BUILD/cepa-1.8.4/stem/socket.py", line 243, in _send
[  297s]     raise stem.SocketClosed()
[  297s] stem.SocketClosed
[  297s] 
[  297s] During handling of the above exception, another exception occurred:
[  297s] 
[  297s] Traceback (most recent call last):
[  297s]   File "/home/abuild/rpmbuild/BUILD/cepa-1.8.4/stem/control.py", line 489, in wrapped
[  297s]     return func(self, *args, **kwargs)
[  297s]            ^^^^^^^^^^^^^^^^^^^^^^^^^^^
[  297s]   File "/home/abuild/rpmbuild/BUILD/cepa-1.8.4/stem/control.py", line 1636, in get_pid
[  297s]     getinfo_pid = self.get_info('process/pid', None)
[  297s]                   ^^^^^^^^^^^^^^^^^^^^^^^^^^^^^^^^^^
[  297s]   File "/home/abuild/rpmbuild/BUILD/cepa-1.8.4/stem/control.py", line 491, in wrapped
[  297s]     default = get_default(func, args, kwargs)
[  297s]               ^^^^^^^^^^^^^^^^^^^^^^^^^^^^^^^
[  297s]   File "/home/abuild/rpmbuild/BUILD/cepa-1.8.4/stem/control.py", line 477, in get_default
[  297s]     arg_names = inspect.getargspec(func).args[1:]  # drop 'self'
[  297s]                 ^^^^^^^^^^^^^^^^^^
[  297s] AttributeError: module 'inspect' has no attribute 'getargspec'
[  297s] 
[  297s] During handling of the above exception, another exception occurred:
[  297s] 
[  297s] Traceback (most recent call last):
[  297s]   File "/usr/lib64/python3.11/unittest/mock.py", line 1369, in patched
[  297s]     return func(*newargs, **newkeywargs)
[  297s]            ^^^^^^^^^^^^^^^^^^^^^^^^^^^^^
[  297s]   File "/home/abuild/rpmbuild/BUILD/cepa-1.8.4/test/unit/control/controller.py", line 559, in test_get_pid_by_name
[  297s]     self.assertEqual(432, self.controller.get_pid())
[  297s]                           ^^^^^^^^^^^^^^^^^^^^^^^^^
[  297s]   File "/home/abuild/rpmbuild/BUILD/cepa-1.8.4/stem/control.py", line 491, in wrapped
[  297s]     default = get_default(func, args, kwargs)
[  297s]               ^^^^^^^^^^^^^^^^^^^^^^^^^^^^^^^
[  297s]   File "/home/abuild/rpmbuild/BUILD/cepa-1.8.4/stem/control.py", line 477, in get_default
[  297s]     arg_names = inspect.getargspec(func).args[1:]  # drop 'self'
[  297s]                 ^^^^^^^^^^^^^^^^^^
[  297s] AttributeError: module 'inspect' has no attribute 'getargspec'
[  297s] 
[  297s] ======================================================================
[  297s] ERROR: test_get_pid_by_pid_file
[  297s] Exercise the get_pid() resolution via a PidFile.
[  297s] ----------------------------------------------------------------------
[  297s] Traceback (most recent call last):
[  297s]   File "/home/abuild/rpmbuild/BUILD/cepa-1.8.4/stem/control.py", line 489, in wrapped
[  297s]     return func(self, *args, **kwargs)
[  297s]            ^^^^^^^^^^^^^^^^^^^^^^^^^^^
[  297s]   File "/home/abuild/rpmbuild/BUILD/cepa-1.8.4/stem/control.py", line 1208, in get_info
[  297s]     response = self.msg('GETINFO %s' % ' '.join(params))
[  297s]                ^^^^^^^^^^^^^^^^^^^^^^^^^^^^^^^^^^^^^^^^^
[  297s]   File "/home/abuild/rpmbuild/BUILD/cepa-1.8.4/stem/control.py", line 662, in msg
[  297s]     self._socket.send(message)
[  297s]   File "/home/abuild/rpmbuild/BUILD/cepa-1.8.4/stem/socket.py", line 460, in send
[  297s]     self._send(message, lambda s, sf, msg: send_message(sf, msg))
[  297s]   File "/home/abuild/rpmbuild/BUILD/cepa-1.8.4/stem/socket.py", line 243, in _send
[  297s]     raise stem.SocketClosed()
[  297s] stem.SocketClosed
[  297s] 
[  297s] During handling of the above exception, another exception occurred:
[  297s] 
[  297s] Traceback (most recent call last):
[  297s]   File "/home/abuild/rpmbuild/BUILD/cepa-1.8.4/stem/control.py", line 489, in wrapped
[  297s]     return func(self, *args, **kwargs)
[  297s]            ^^^^^^^^^^^^^^^^^^^^^^^^^^^
[  297s]   File "/home/abuild/rpmbuild/BUILD/cepa-1.8.4/stem/control.py", line 1636, in get_pid
[  297s]     getinfo_pid = self.get_info('process/pid', None)
[  297s]                   ^^^^^^^^^^^^^^^^^^^^^^^^^^^^^^^^^^
[  297s]   File "/home/abuild/rpmbuild/BUILD/cepa-1.8.4/stem/control.py", line 491, in wrapped
[  297s]     default = get_default(func, args, kwargs)
[  297s]               ^^^^^^^^^^^^^^^^^^^^^^^^^^^^^^^
[  297s]   File "/home/abuild/rpmbuild/BUILD/cepa-1.8.4/stem/control.py", line 477, in get_default
[  297s]     arg_names = inspect.getargspec(func).args[1:]  # drop 'self'
[  297s]                 ^^^^^^^^^^^^^^^^^^
[  297s] AttributeError: module 'inspect' has no attribute 'getargspec'
[  297s] 
[  297s] During handling of the above exception, another exception occurred:
[  297s] 
[  297s] Traceback (most recent call last):
[  297s]   File "/usr/lib64/python3.11/unittest/mock.py", line 1369, in patched
[  297s]     return func(*newargs, **newkeywargs)
[  297s]            ^^^^^^^^^^^^^^^^^^^^^^^^^^^^^
[  297s]   File "/home/abuild/rpmbuild/BUILD/cepa-1.8.4/test/unit/control/controller.py", line 549, in test_get_pid_by_pid_file
[  297s]     self.assertEqual(432, self.controller.get_pid())
[  297s]                           ^^^^^^^^^^^^^^^^^^^^^^^^^
[  297s]   File "/home/abuild/rpmbuild/BUILD/cepa-1.8.4/stem/control.py", line 491, in wrapped
[  297s]     default = get_default(func, args, kwargs)
[  297s]               ^^^^^^^^^^^^^^^^^^^^^^^^^^^^^^^
[  297s]   File "/home/abuild/rpmbuild/BUILD/cepa-1.8.4/stem/control.py", line 477, in get_default
[  297s]     arg_names = inspect.getargspec(func).args[1:]  # drop 'self'
[  297s]                 ^^^^^^^^^^^^^^^^^^
[  297s] AttributeError: module 'inspect' has no attribute 'getargspec'
[  297s] 
[  297s] ======================================================================
[  297s] ERROR: test_get_pid_remote
[  297s] Exercise the get_pid() method for a non-local socket.
[  297s] ----------------------------------------------------------------------
[  297s] Traceback (most recent call last):
[  297s]   File "/home/abuild/rpmbuild/BUILD/cepa-1.8.4/stem/control.py", line 489, in wrapped
[  297s]     return func(self, *args, **kwargs)
[  297s]            ^^^^^^^^^^^^^^^^^^^^^^^^^^^
[  297s]   File "/home/abuild/rpmbuild/BUILD/cepa-1.8.4/stem/control.py", line 1208, in get_info
[  297s]     response = self.msg('GETINFO %s' % ' '.join(params))
[  297s]                ^^^^^^^^^^^^^^^^^^^^^^^^^^^^^^^^^^^^^^^^^
[  297s]   File "/home/abuild/rpmbuild/BUILD/cepa-1.8.4/stem/control.py", line 662, in msg
[  297s]     self._socket.send(message)
[  297s]   File "/home/abuild/rpmbuild/BUILD/cepa-1.8.4/stem/socket.py", line 460, in send
[  297s]     self._send(message, lambda s, sf, msg: send_message(sf, msg))
[  297s]   File "/home/abuild/rpmbuild/BUILD/cepa-1.8.4/stem/socket.py", line 243, in _send
[  297s]     raise stem.SocketClosed()
[  297s] stem.SocketClosed
[  297s] 
[  297s] During handling of the above exception, another exception occurred:
[  297s] 
[  297s] Traceback (most recent call last):
[  297s]   File "/home/abuild/rpmbuild/BUILD/cepa-1.8.4/stem/control.py", line 489, in wrapped
[  297s]     return func(self, *args, **kwargs)
[  297s]            ^^^^^^^^^^^^^^^^^^^^^^^^^^^
[  297s]   File "/home/abuild/rpmbuild/BUILD/cepa-1.8.4/stem/control.py", line 1636, in get_pid
[  297s]     getinfo_pid = self.get_info('process/pid', None)
[  297s]                   ^^^^^^^^^^^^^^^^^^^^^^^^^^^^^^^^^^
[  297s]   File "/home/abuild/rpmbuild/BUILD/cepa-1.8.4/stem/control.py", line 491, in wrapped
[  297s]     default = get_default(func, args, kwargs)
[  297s]               ^^^^^^^^^^^^^^^^^^^^^^^^^^^^^^^
[  297s]   File "/home/abuild/rpmbuild/BUILD/cepa-1.8.4/stem/control.py", line 477, in get_default
[  297s]     arg_names = inspect.getargspec(func).args[1:]  # drop 'self'
[  297s]                 ^^^^^^^^^^^^^^^^^^
[  297s] AttributeError: module 'inspect' has no attribute 'getargspec'
[  297s] 
[  297s] During handling of the above exception, another exception occurred:
[  297s] 
[  297s] Traceback (most recent call last):
[  297s]   File "/usr/lib64/python3.11/unittest/mock.py", line 1369, in patched
[  297s]     return func(*newargs, **newkeywargs)
[  297s]            ^^^^^^^^^^^^^^^^^^^^^^^^^^^^^
[  297s]   File "/home/abuild/rpmbuild/BUILD/cepa-1.8.4/test/unit/control/controller.py", line 526, in test_get_pid_remote
[  297s]     self.assertRaises(ValueError, self.controller.get_pid)
[  297s]   File "/usr/lib64/python3.11/unittest/case.py", line 766, in assertRaises
[  297s]     return context.handle('assertRaises', args, kwargs)
[  297s]            ^^^^^^^^^^^^^^^^^^^^^^^^^^^^^^^^^^^^^^^^^^^^
[  297s]   File "/usr/lib64/python3.11/unittest/case.py", line 237, in handle
[  297s]     callable_obj(*args, **kwargs)
[  297s]   File "/home/abuild/rpmbuild/BUILD/cepa-1.8.4/stem/control.py", line 491, in wrapped
[  297s]     default = get_default(func, args, kwargs)
[  297s]               ^^^^^^^^^^^^^^^^^^^^^^^^^^^^^^^
[  297s]   File "/home/abuild/rpmbuild/BUILD/cepa-1.8.4/stem/control.py", line 477, in get_default
[  297s]     arg_names = inspect.getargspec(func).args[1:]  # drop 'self'
[  297s]                 ^^^^^^^^^^^^^^^^^^
[  297s] AttributeError: module 'inspect' has no attribute 'getargspec'
[  297s] 
[  297s] ======================================================================
[  297s] ERROR: test_get_protocolinfo
[  297s] Exercises the get_protocolinfo() method.
[  297s] ----------------------------------------------------------------------
[  297s] Traceback (most recent call last):
[  297s]   File "/home/abuild/rpmbuild/BUILD/cepa-1.8.4/stem/control.py", line 489, in wrapped
[  297s]     return func(self, *args, **kwargs)
[  297s]            ^^^^^^^^^^^^^^^^^^^^^^^^^^^
[  297s]   File "/home/abuild/rpmbuild/BUILD/cepa-1.8.4/stem/control.py", line 1575, in get_protocolinfo
[  297s]     return stem.connection.get_protocolinfo(self)
[  297s]            ^^^^^^^^^^^^^^^^^^^^^^^^^^^^^^^^^^^^^^
[  297s]   File "/usr/lib64/python3.11/unittest/mock.py", line 1118, in __call__
[  297s]     return self._mock_call(*args, **kwargs)
[  297s]            ^^^^^^^^^^^^^^^^^^^^^^^^^^^^^^^^
[  297s]   File "/usr/lib64/python3.11/unittest/mock.py", line 1122, in _mock_call
[  297s]     return self._execute_mock_call(*args, **kwargs)
[  297s]            ^^^^^^^^^^^^^^^^^^^^^^^^^^^^^^^^^^^^^^^^
[  297s]   File "/usr/lib64/python3.11/unittest/mock.py", line 1177, in _execute_mock_call
[  297s]     raise effect
[  297s] stem.ProtocolError
[  297s] 
[  297s] During handling of the above exception, another exception occurred:
[  297s] 
[  297s] Traceback (most recent call last):
[  297s]   File "/usr/lib64/python3.11/unittest/mock.py", line 1369, in patched
[  297s]     return func(*newargs, **newkeywargs)
[  297s]            ^^^^^^^^^^^^^^^^^^^^^^^^^^^^^
[  297s]   File "/home/abuild/rpmbuild/BUILD/cepa-1.8.4/test/unit/control/controller.py", line 485, in test_get_protocolinfo
[  297s]     self.controller.get_protocolinfo(default = 'default returned')
[  297s]   File "/home/abuild/rpmbuild/BUILD/cepa-1.8.4/stem/control.py", line 491, in wrapped
[  297s]     default = get_default(func, args, kwargs)
[  297s]               ^^^^^^^^^^^^^^^^^^^^^^^^^^^^^^^
[  297s]   File "/home/abuild/rpmbuild/BUILD/cepa-1.8.4/stem/control.py", line 477, in get_default
[  297s]     arg_names = inspect.getargspec(func).args[1:]  # drop 'self'
[  297s]                 ^^^^^^^^^^^^^^^^^^
[  297s] AttributeError: module 'inspect' has no attribute 'getargspec'
[  297s] 
[  297s] ======================================================================
[  297s] ERROR: test_get_socks_listeners_new
[  297s] Exercises the get_socks_listeners() method as if talking to a newer tor
[  297s] ----------------------------------------------------------------------
[  297s] Traceback (most recent call last):
[  297s]   File "/home/abuild/rpmbuild/BUILD/cepa-1.8.4/stem/control.py", line 489, in wrapped
[  297s]     return func(self, *args, **kwargs)
[  297s]            ^^^^^^^^^^^^^^^^^^^^^^^^^^^
[  297s]   File "/home/abuild/rpmbuild/BUILD/cepa-1.8.4/stem/control.py", line 1422, in get_listeners
[  297s]     raise stem.ProtocolError("'GETINFO %s' had a listener without a colon: %s" % (query, listener))
[  297s] stem.ProtocolError: 'GETINFO net/listeners/socks' had a listener without a colon: "127.0.0.1"
[  297s] 
[  297s] During handling of the above exception, another exception occurred:
[  297s] 
[  297s] Traceback (most recent call last):
[  297s]   File "/usr/lib64/python3.11/unittest/mock.py", line 1369, in patched
[  297s]     return func(*newargs, **newkeywargs)
[  297s]            ^^^^^^^^^^^^^^^^^^^^^^^^^^^^^
[  297s]   File "/home/abuild/rpmbuild/BUILD/cepa-1.8.4/test/unit/control/controller.py", line 426, in test_get_socks_listeners_new
[  297s]     self.assertRaises(stem.ProtocolError, self.controller.get_socks_listeners)
[  297s]   File "/usr/lib64/python3.11/unittest/case.py", line 766, in assertRaises
[  297s]     return context.handle('assertRaises', args, kwargs)
[  297s]            ^^^^^^^^^^^^^^^^^^^^^^^^^^^^^^^^^^^^^^^^^^^^
[  297s]   File "/usr/lib64/python3.11/unittest/case.py", line 237, in handle
[  297s]     callable_obj(*args, **kwargs)
[  297s]   File "/home/abuild/rpmbuild/BUILD/cepa-1.8.4/stem/control.py", line 1552, in get_socks_listeners
[  297s]     return self.get_listeners(Listener.SOCKS, default)
[  297s]            ^^^^^^^^^^^^^^^^^^^^^^^^^^^^^^^^^^^^^^^^^^^
[  297s]   File "/home/abuild/rpmbuild/BUILD/cepa-1.8.4/stem/control.py", line 491, in wrapped
[  297s]     default = get_default(func, args, kwargs)
[  297s]               ^^^^^^^^^^^^^^^^^^^^^^^^^^^^^^^
[  297s]   File "/home/abuild/rpmbuild/BUILD/cepa-1.8.4/stem/control.py", line 477, in get_default
[  297s]     arg_names = inspect.getargspec(func).args[1:]  # drop 'self'
[  297s]                 ^^^^^^^^^^^^^^^^^^
[  297s] AttributeError: module 'inspect' has no attribute 'getargspec'
[  297s] 
[  297s] ======================================================================
[  297s] ERROR: test_get_socks_listeners_old
[  297s] Exercises the get_socks_listeners() method as though talking to an old tor
[  297s] ----------------------------------------------------------------------
[  297s] Traceback (most recent call last):
[  297s]   File "/home/abuild/rpmbuild/BUILD/cepa-1.8.4/stem/control.py", line 489, in wrapped
[  297s]     return func(self, *args, **kwargs)
[  297s]            ^^^^^^^^^^^^^^^^^^^^^^^^^^^
[  297s]   File "/home/abuild/rpmbuild/BUILD/cepa-1.8.4/stem/control.py", line 1484, in get_listeners
[  297s]     raise stem.ProtocolError('Invalid port for a %s listener: %s' % (listener_type, port))
[  297s] stem.ProtocolError: Invalid port for a SOCKS listener: blarg
[  297s] 
[  297s] During handling of the above exception, another exception occurred:
[  297s] 
[  297s] Traceback (most recent call last):
[  297s]   File "/usr/lib64/python3.11/unittest/mock.py", line 1369, in patched
[  297s]     return func(*newargs, **newkeywargs)
[  297s]            ^^^^^^^^^^^^^^^^^^^^^^^^^^^^^
[  297s]   File "/home/abuild/rpmbuild/BUILD/cepa-1.8.4/test/unit/control/controller.py", line 376, in test_get_socks_listeners_old
[  297s]     self.assertRaises(stem.ProtocolError, self.controller.get_socks_listeners)
[  297s]   File "/usr/lib64/python3.11/unittest/case.py", line 766, in assertRaises
[  297s]     return context.handle('assertRaises', args, kwargs)
[  297s]            ^^^^^^^^^^^^^^^^^^^^^^^^^^^^^^^^^^^^^^^^^^^^
[  297s]   File "/usr/lib64/python3.11/unittest/case.py", line 237, in handle
[  297s]     callable_obj(*args, **kwargs)
[  297s]   File "/home/abuild/rpmbuild/BUILD/cepa-1.8.4/stem/control.py", line 1552, in get_socks_listeners
[  297s]     return self.get_listeners(Listener.SOCKS, default)
[  297s]            ^^^^^^^^^^^^^^^^^^^^^^^^^^^^^^^^^^^^^^^^^^^
[  297s]   File "/home/abuild/rpmbuild/BUILD/cepa-1.8.4/stem/control.py", line 491, in wrapped
[  297s]     default = get_default(func, args, kwargs)
[  297s]               ^^^^^^^^^^^^^^^^^^^^^^^^^^^^^^^
[  297s]   File "/home/abuild/rpmbuild/BUILD/cepa-1.8.4/stem/control.py", line 477, in get_default
[  297s]     arg_names = inspect.getargspec(func).args[1:]  # drop 'self'
[  297s]                 ^^^^^^^^^^^^^^^^^^
[  297s] AttributeError: module 'inspect' has no attribute 'getargspec'
[  297s] 
[  297s] ======================================================================
[  297s] ERROR: test_get_uptime_by_getinfo
[  297s] Exercise the get_uptime() resolution via a GETINFO query.
[  297s] ----------------------------------------------------------------------
[  297s] Traceback (most recent call last):
[  297s]   File "/home/abuild/rpmbuild/BUILD/cepa-1.8.4/stem/control.py", line 489, in wrapped
[  297s]     return func(self, *args, **kwargs)
[  297s]            ^^^^^^^^^^^^^^^^^^^^^^^^^^^
[  297s]   File "/home/abuild/rpmbuild/BUILD/cepa-1.8.4/stem/control.py", line 1695, in get_start_time
[  297s]     raise ValueError("'GETINFO uptime' did not provide a valid numeric response: %s" % uptime)
[  297s] ValueError: 'GETINFO uptime' did not provide a valid numeric response: abc
[  297s] 
[  297s] During handling of the above exception, another exception occurred:
[  297s] 
[  297s] Traceback (most recent call last):
[  297s]   File "/home/abuild/rpmbuild/BUILD/cepa-1.8.4/stem/control.py", line 489, in wrapped
[  297s]     return func(self, *args, **kwargs)
[  297s]            ^^^^^^^^^^^^^^^^^^^^^^^^^^^
[  297s]   File "/home/abuild/rpmbuild/BUILD/cepa-1.8.4/stem/control.py", line 1736, in get_uptime
[  297s]     return time.time() - self.get_start_time()
[  297s]                          ^^^^^^^^^^^^^^^^^^^^^
[  297s]   File "/home/abuild/rpmbuild/BUILD/cepa-1.8.4/stem/control.py", line 491, in wrapped
[  297s]     default = get_default(func, args, kwargs)
[  297s]               ^^^^^^^^^^^^^^^^^^^^^^^^^^^^^^^
[  297s]   File "/home/abuild/rpmbuild/BUILD/cepa-1.8.4/stem/control.py", line 477, in get_default
[  297s]     arg_names = inspect.getargspec(func).args[1:]  # drop 'self'
[  297s]                 ^^^^^^^^^^^^^^^^^^
[  297s] AttributeError: module 'inspect' has no attribute 'getargspec'
[  297s] 
[  297s] During handling of the above exception, another exception occurred:
[  297s] 
[  297s] Traceback (most recent call last):
[  297s]   File "/usr/lib64/python3.11/unittest/mock.py", line 1369, in patched
[  297s]     return func(*newargs, **newkeywargs)
[  297s]            ^^^^^^^^^^^^^^^^^^^^^^^^^^^^^
[  297s]   File "/home/abuild/rpmbuild/BUILD/cepa-1.8.4/test/unit/control/controller.py", line 575, in test_get_uptime_by_getinfo
[  297s]     self.assertRaisesWith(ValueError, "'GETINFO uptime' did not provide a valid numeric response: abc", self.controller.get_uptime)
[  297s]   File "/home/abuild/rpmbuild/BUILD/cepa-1.8.4/stem/util/test_tools.py", line 288, in assertRaisesWith
[  297s]     return self.assertRaisesRegexp(exc_type, '^%s$' % re.escape(exc_msg), func, *args, **kwargs)
[  297s]            ^^^^^^^^^^^^^^^^^^^^^^^^^^^^^^^^^^^^^^^^^^^^^^^^^^^^^^^^^^^^^^^^^^^^^^^^^^^^^^^^^^^^^
[  297s]   File "/home/abuild/rpmbuild/BUILD/cepa-1.8.4/stem/util/test_tools.py", line 298, in assertRaisesRegexp
[  297s]     return super(original_type, self).assertRaisesRegexp(exc_type, exc_msg, func, *args, **kwargs)
[  297s]            ^^^^^^^^^^^^^^^^^^^^^^^^^^^^^^^^^^^^^^^^^^^^^^^^^^^^^^^^^^^^^^^^^^^^^^^^^^^^^^^^^^^^^^^
[  297s]   File "/usr/lib64/python3.11/unittest/case.py", line 1371, in deprecated_func
[  297s]     return original_func(*args, **kwargs)
[  297s]            ^^^^^^^^^^^^^^^^^^^^^^^^^^^^^^
[  297s]   File "/usr/lib64/python3.11/unittest/case.py", line 1318, in assertRaisesRegex
[  297s]     return context.handle('assertRaisesRegex', args, kwargs)
[  297s]            ^^^^^^^^^^^^^^^^^^^^^^^^^^^^^^^^^^^^^^^^^^^^^^^^^
[  297s]   File "/usr/lib64/python3.11/unittest/case.py", line 237, in handle
[  297s]     callable_obj(*args, **kwargs)
[  297s]   File "/home/abuild/rpmbuild/BUILD/cepa-1.8.4/stem/control.py", line 491, in wrapped
[  297s]     default = get_default(func, args, kwargs)
[  297s]               ^^^^^^^^^^^^^^^^^^^^^^^^^^^^^^^
[  297s]   File "/home/abuild/rpmbuild/BUILD/cepa-1.8.4/stem/control.py", line 477, in get_default
[  297s]     arg_names = inspect.getargspec(func).args[1:]  # drop 'self'
[  297s]                 ^^^^^^^^^^^^^^^^^^
[  297s] AttributeError: module 'inspect' has no attribute 'getargspec'
[  297s] 
[  297s] ======================================================================
[  297s] ERROR: test_get_user_by_system
[  297s] Exercise the get_user() resolution via the system module.
[  297s] ----------------------------------------------------------------------
[  297s] Traceback (most recent call last):
[  297s]   File "/home/abuild/rpmbuild/BUILD/cepa-1.8.4/stem/control.py", line 489, in wrapped
[  297s]     return func(self, *args, **kwargs)
[  297s]            ^^^^^^^^^^^^^^^^^^^^^^^^^^^
[  297s]   File "/home/abuild/rpmbuild/BUILD/cepa-1.8.4/stem/control.py", line 1208, in get_info
[  297s]     response = self.msg('GETINFO %s' % ' '.join(params))
[  297s]                ^^^^^^^^^^^^^^^^^^^^^^^^^^^^^^^^^^^^^^^^^
[  297s]   File "/home/abuild/rpmbuild/BUILD/cepa-1.8.4/stem/control.py", line 662, in msg
[  297s]     self._socket.send(message)
[  297s]   File "/home/abuild/rpmbuild/BUILD/cepa-1.8.4/stem/socket.py", line 460, in send
[  297s]     self._send(message, lambda s, sf, msg: send_message(sf, msg))
[  297s]   File "/home/abuild/rpmbuild/BUILD/cepa-1.8.4/stem/socket.py", line 243, in _send
[  297s]     raise stem.SocketClosed()
[  297s] stem.SocketClosed
[  297s] 
[  297s] During handling of the above exception, another exception occurred:
[  297s] 
[  297s] Traceback (most recent call last):
[  297s]   File "/home/abuild/rpmbuild/BUILD/cepa-1.8.4/stem/control.py", line 489, in wrapped
[  297s]     return func(self, *args, **kwargs)
[  297s]            ^^^^^^^^^^^^^^^^^^^^^^^^^^^
[  297s]   File "/home/abuild/rpmbuild/BUILD/cepa-1.8.4/stem/control.py", line 1598, in get_user
[  297s]     user = self.get_info('process/user', None)
[  297s]            ^^^^^^^^^^^^^^^^^^^^^^^^^^^^^^^^^^^
[  297s]   File "/home/abuild/rpmbuild/BUILD/cepa-1.8.4/stem/control.py", line 491, in wrapped
[  297s]     default = get_default(func, args, kwargs)
[  297s]               ^^^^^^^^^^^^^^^^^^^^^^^^^^^^^^^
[  297s]   File "/home/abuild/rpmbuild/BUILD/cepa-1.8.4/stem/control.py", line 477, in get_default
[  297s]     arg_names = inspect.getargspec(func).args[1:]  # drop 'self'
[  297s]                 ^^^^^^^^^^^^^^^^^^
[  297s] AttributeError: module 'inspect' has no attribute 'getargspec'
[  297s] 
[  297s] During handling of the above exception, another exception occurred:
[  297s] 
[  297s] Traceback (most recent call last):
[  297s]   File "/usr/lib64/python3.11/unittest/mock.py", line 1369, in patched
[  297s]     return func(*newargs, **newkeywargs)
[  297s]            ^^^^^^^^^^^^^^^^^^^^^^^^^^^^^
[  297s]   File "/home/abuild/rpmbuild/BUILD/cepa-1.8.4/test/unit/control/controller.py", line 518, in test_get_user_by_system
[  297s]     self.assertEqual('atagar', self.controller.get_user())
[  297s]                                ^^^^^^^^^^^^^^^^^^^^^^^^^^
[  297s]   File "/home/abuild/rpmbuild/BUILD/cepa-1.8.4/stem/control.py", line 491, in wrapped
[  297s]     default = get_default(func, args, kwargs)
[  297s]               ^^^^^^^^^^^^^^^^^^^^^^^^^^^^^^^
[  297s]   File "/home/abuild/rpmbuild/BUILD/cepa-1.8.4/stem/control.py", line 477, in get_default
[  297s]     arg_names = inspect.getargspec(func).args[1:]  # drop 'self'
[  297s]                 ^^^^^^^^^^^^^^^^^^
[  297s] AttributeError: module 'inspect' has no attribute 'getargspec'
[  297s] 
[  297s] ======================================================================
[  297s] ERROR: test_get_user_remote
[  297s] Exercise the get_user() method for a non-local socket.
[  297s] ----------------------------------------------------------------------
[  297s] Traceback (most recent call last):
[  297s]   File "/home/abuild/rpmbuild/BUILD/cepa-1.8.4/stem/control.py", line 489, in wrapped
[  297s]     return func(self, *args, **kwargs)
[  297s]            ^^^^^^^^^^^^^^^^^^^^^^^^^^^
[  297s]   File "/home/abuild/rpmbuild/BUILD/cepa-1.8.4/stem/control.py", line 1208, in get_info
[  297s]     response = self.msg('GETINFO %s' % ' '.join(params))
[  297s]                ^^^^^^^^^^^^^^^^^^^^^^^^^^^^^^^^^^^^^^^^^
[  297s]   File "/home/abuild/rpmbuild/BUILD/cepa-1.8.4/stem/control.py", line 662, in msg
[  297s]     self._socket.send(message)
[  297s]   File "/home/abuild/rpmbuild/BUILD/cepa-1.8.4/stem/socket.py", line 460, in send
[  297s]     self._send(message, lambda s, sf, msg: send_message(sf, msg))
[  297s]   File "/home/abuild/rpmbuild/BUILD/cepa-1.8.4/stem/socket.py", line 243, in _send
[  297s]     raise stem.SocketClosed()
[  297s] stem.SocketClosed
[  297s] 
[  297s] During handling of the above exception, another exception occurred:
[  297s] 
[  297s] Traceback (most recent call last):
[  297s]   File "/home/abuild/rpmbuild/BUILD/cepa-1.8.4/stem/control.py", line 489, in wrapped
[  297s]     return func(self, *args, **kwargs)
[  297s]            ^^^^^^^^^^^^^^^^^^^^^^^^^^^
[  297s]   File "/home/abuild/rpmbuild/BUILD/cepa-1.8.4/stem/control.py", line 1598, in get_user
[  297s]     user = self.get_info('process/user', None)
[  297s]            ^^^^^^^^^^^^^^^^^^^^^^^^^^^^^^^^^^^
[  297s]   File "/home/abuild/rpmbuild/BUILD/cepa-1.8.4/stem/control.py", line 491, in wrapped
[  297s]     default = get_default(func, args, kwargs)
[  297s]               ^^^^^^^^^^^^^^^^^^^^^^^^^^^^^^^
[  297s]   File "/home/abuild/rpmbuild/BUILD/cepa-1.8.4/stem/control.py", line 477, in get_default
[  297s]     arg_names = inspect.getargspec(func).args[1:]  # drop 'self'
[  297s]                 ^^^^^^^^^^^^^^^^^^
[  297s] AttributeError: module 'inspect' has no attribute 'getargspec'
[  297s] 
[  297s] During handling of the above exception, another exception occurred:
[  297s] 
[  297s] Traceback (most recent call last):
[  297s]   File "/usr/lib64/python3.11/unittest/mock.py", line 1369, in patched
[  297s]     return func(*newargs, **newkeywargs)
[  297s]            ^^^^^^^^^^^^^^^^^^^^^^^^^^^^^
[  297s]   File "/home/abuild/rpmbuild/BUILD/cepa-1.8.4/test/unit/control/controller.py", line 498, in test_get_user_remote
[  297s]     self.assertRaises(ValueError, self.controller.get_user)
[  297s]   File "/usr/lib64/python3.11/unittest/case.py", line 766, in assertRaises
[  297s]     return context.handle('assertRaises', args, kwargs)
[  297s]            ^^^^^^^^^^^^^^^^^^^^^^^^^^^^^^^^^^^^^^^^^^^^
[  297s]   File "/usr/lib64/python3.11/unittest/case.py", line 237, in handle
[  297s]     callable_obj(*args, **kwargs)
[  297s]   File "/home/abuild/rpmbuild/BUILD/cepa-1.8.4/stem/control.py", line 491, in wrapped
[  297s]     default = get_default(func, args, kwargs)
[  297s]               ^^^^^^^^^^^^^^^^^^^^^^^^^^^^^^^
[  297s]   File "/home/abuild/rpmbuild/BUILD/cepa-1.8.4/stem/control.py", line 477, in get_default
[  297s]     arg_names = inspect.getargspec(func).args[1:]  # drop 'self'
[  297s]                 ^^^^^^^^^^^^^^^^^^
[  297s] AttributeError: module 'inspect' has no attribute 'getargspec'
[  297s] 
[  297s] ======================================================================
[  297s] ERROR: test_get_version
[  297s] Exercises the get_version() method.
[  297s] ----------------------------------------------------------------------
[  297s] Traceback (most recent call last):
[  297s]   File "/home/abuild/rpmbuild/BUILD/cepa-1.8.4/stem/control.py", line 489, in wrapped
[  297s]     return func(self, *args, **kwargs)
[  297s]            ^^^^^^^^^^^^^^^^^^^^^^^^^^^
[  297s]   File "/home/abuild/rpmbuild/BUILD/cepa-1.8.4/stem/control.py", line 1277, in get_version
[  297s]     version_str = self.get_info('version')
[  297s]                   ^^^^^^^^^^^^^^^^^^^^^^^^
[  297s]   File "/usr/lib64/python3.11/unittest/mock.py", line 1118, in __call__
[  297s]     return self._mock_call(*args, **kwargs)
[  297s]            ^^^^^^^^^^^^^^^^^^^^^^^^^^^^^^^^
[  297s]   File "/usr/lib64/python3.11/unittest/mock.py", line 1122, in _mock_call
[  297s]     return self._execute_mock_call(*args, **kwargs)
[  297s]            ^^^^^^^^^^^^^^^^^^^^^^^^^^^^^^^^^^^^^^^^
[  297s]   File "/usr/lib64/python3.11/unittest/mock.py", line 1177, in _execute_mock_call
[  297s]     raise effect
[  297s] stem.InvalidArguments: None
[  297s] 
[  297s] During handling of the above exception, another exception occurred:
[  297s] 
[  297s] Traceback (most recent call last):
[  297s]   File "/usr/lib64/python3.11/unittest/mock.py", line 1369, in patched
[  297s]     return func(*newargs, **newkeywargs)
[  297s]            ^^^^^^^^^^^^^^^^^^^^^^^^^^^^^
[  297s]   File "/home/abuild/rpmbuild/BUILD/cepa-1.8.4/test/unit/control/controller.py", line 156, in test_get_version
[  297s]     self.controller.get_version(default = 'default returned')
[  297s]   File "/home/abuild/rpmbuild/BUILD/cepa-1.8.4/stem/control.py", line 491, in wrapped
[  297s]     default = get_default(func, args, kwargs)
[  297s]               ^^^^^^^^^^^^^^^^^^^^^^^^^^^^^^^
[  297s]   File "/home/abuild/rpmbuild/BUILD/cepa-1.8.4/stem/control.py", line 477, in get_default
[  297s]     arg_names = inspect.getargspec(func).args[1:]  # drop 'self'
[  297s]                 ^^^^^^^^^^^^^^^^^^
[  297s] AttributeError: module 'inspect' has no attribute 'getargspec'
[  297s] 
[  297s] ======================================================================
[  297s] ERROR: test_timeout
[  297s] Methods that have an 'await' argument also have an optional timeout. Check
[  297s] ----------------------------------------------------------------------
[  297s] Traceback (most recent call last):
[  297s]   File "/home/abuild/rpmbuild/BUILD/cepa-1.8.4/stem/control.py", line 4213, in _get_with_timeout
[  297s]     return event_queue.get(True, time_left)
[  297s]            ^^^^^^^^^^^^^^^^^^^^^^^^^^^^^^^^
[  297s]   File "/usr/lib64/python3.11/queue.py", line 179, in get
[  297s]     raise Empty
[  297s] _queue.Empty
[  297s] 
[  297s] During handling of the above exception, another exception occurred:
[  297s] 
[  297s] Traceback (most recent call last):
[  297s]   File "/home/abuild/rpmbuild/BUILD/cepa-1.8.4/stem/control.py", line 489, in wrapped
[  297s]     return func(self, *args, **kwargs)
[  297s]            ^^^^^^^^^^^^^^^^^^^^^^^^^^^
[  297s]   File "/home/abuild/rpmbuild/BUILD/cepa-1.8.4/stem/control.py", line 2194, in get_hidden_service_descriptor
[  297s]     event = _get_with_timeout(hs_desc_content_queue, timeout, start_time)
[  297s]             ^^^^^^^^^^^^^^^^^^^^^^^^^^^^^^^^^^^^^^^^^^^^^^^^^^^^^^^^^^^^^
[  297s]   File "/home/abuild/rpmbuild/BUILD/cepa-1.8.4/stem/control.py", line 4215, in _get_with_timeout
[  297s]     raise stem.Timeout('Reached our %0.1f second timeout' % timeout)
[  297s] stem.Timeout: Reached our 0.1 second timeout
[  297s] 
[  297s] During handling of the above exception, another exception occurred:
[  297s] 
[  297s] Traceback (most recent call last):
[  297s]   File "/usr/lib64/python3.11/unittest/mock.py", line 1369, in patched
[  297s]     return func(*newargs, **newkeywargs)
[  297s]            ^^^^^^^^^^^^^^^^^^^^^^^^^^^^^
[  297s]   File "/home/abuild/rpmbuild/BUILD/cepa-1.8.4/test/unit/control/controller.py", line 756, in test_timeout
[  297s]     self.assertRaisesWith(stem.Timeout, 'Reached our 0.1 second timeout', self.controller.get_hidden_service_descriptor, '5g2upl4pq6kufc4m', await_result = True, timeout = 0.1)
[  297s]   File "/home/abuild/rpmbuild/BUILD/cepa-1.8.4/stem/util/test_tools.py", line 288, in assertRaisesWith
[  297s]     return self.assertRaisesRegexp(exc_type, '^%s$' % re.escape(exc_msg), func, *args, **kwargs)
[  297s]            ^^^^^^^^^^^^^^^^^^^^^^^^^^^^^^^^^^^^^^^^^^^^^^^^^^^^^^^^^^^^^^^^^^^^^^^^^^^^^^^^^^^^^
[  297s]   File "/home/abuild/rpmbuild/BUILD/cepa-1.8.4/stem/util/test_tools.py", line 298, in assertRaisesRegexp
[  297s]     return super(original_type, self).assertRaisesRegexp(exc_type, exc_msg, func, *args, **kwargs)
[  297s]            ^^^^^^^^^^^^^^^^^^^^^^^^^^^^^^^^^^^^^^^^^^^^^^^^^^^^^^^^^^^^^^^^^^^^^^^^^^^^^^^^^^^^^^^
[  297s]   File "/usr/lib64/python3.11/unittest/case.py", line 1371, in deprecated_func
[  297s]     return original_func(*args, **kwargs)
[  297s]            ^^^^^^^^^^^^^^^^^^^^^^^^^^^^^^
[  297s]   File "/usr/lib64/python3.11/unittest/case.py", line 1318, in assertRaisesRegex
[  297s]     return context.handle('assertRaisesRegex', args, kwargs)
[  297s]            ^^^^^^^^^^^^^^^^^^^^^^^^^^^^^^^^^^^^^^^^^^^^^^^^^
[  297s]   File "/usr/lib64/python3.11/unittest/case.py", line 237, in handle
[  297s]     callable_obj(*args, **kwargs)
[  297s]   File "/home/abuild/rpmbuild/BUILD/cepa-1.8.4/stem/control.py", line 491, in wrapped
[  297s]     default = get_default(func, args, kwargs)
[  297s]               ^^^^^^^^^^^^^^^^^^^^^^^^^^^^^^^
[  297s]   File "/home/abuild/rpmbuild/BUILD/cepa-1.8.4/stem/control.py", line 477, in get_default
[  297s]     arg_names = inspect.getargspec(func).args[1:]  # drop 'self'
[  297s]                 ^^^^^^^^^^^^^^^^^^
[  297s] AttributeError: module 'inspect' has no attribute 'getargspec'
[  297s] 
[  297s] ----------------------------------------------------------------------
[  297s] Ran 35 tests in 0.938s
[  297s] 
[  297s] FAILED (errors=18)
[  297s]   interpreter.arguments...                             failed (0.03s)
[  297s] test_examples                                          3 ms  [SUCCESS]
[  297s] test_get_help                                                [FAILURE]
[  297s] test_run_with_command                                  2 ms  [SUCCESS]
[  297s] test_run_with_path                                     1 ms  [SUCCESS]
[  297s] test_that_we_get_default_values                        2 ms  [SUCCESS]
[  297s] test_that_we_load_arguments                            5 ms  [SUCCESS]
[  297s] test_that_we_reject_invalid_interfaces                 2 ms  [SUCCESS]
[  297s] test_that_we_reject_unrecognized_arguments             0 ms  [SUCCESS]
[  297s] 
[  297s] ======================================================================
[  297s] ERROR: test_get_help
[  297s] ----------------------------------------------------------------------
[  297s] Traceback (most recent call last):
[  297s]   File "/home/abuild/rpmbuild/BUILD/cepa-1.8.4/test/unit/interpreter/arguments.py", line 61, in test_get_help
[  297s]     help_text = get_help()
[  297s]                 ^^^^^^^^^^
[  297s]   File "/home/abuild/rpmbuild/BUILD/cepa-1.8.4/stem/interpreter/arguments.py", line 100, in get_help
[  297s]     return stem.interpreter.msg(
[  297s]            ^^^^^^^^^^^^^^^^^^^^^
[  297s]   File "/home/abuild/rpmbuild/BUILD/cepa-1.8.4/stem/util/conf.py", line 288, in wrapped
[  297s]     if 'config' in inspect.getargspec(func).args:
[  297s]                    ^^^^^^^^^^^^^^^^^^
[  297s] AttributeError: module 'inspect' has no attribute 'getargspec'
[  297s] 
[  297s] ----------------------------------------------------------------------
[  297s] Ran 8 tests in 0.027s
[  297s] 
[  297s] FAILED (errors=1)
[  297s]   interpreter.autocomplete...                          failed (0.02s)
[  297s] test_autocomplete_results_from_config
[  297s] Check that we load autocompletion results from our configuration.[FAILURE]
[  297s] test_autocomplete_results_from_tor
[  297s] Check our ability to determine autocompletion results based on our tor[FAILURE]
[  297s] test_autocompleter_complete
[  297s] Exercise our Autocompleter's complete method.                [FAILURE]
[  297s] test_autocompleter_match
[  297s] Exercise our Autocompleter's match method.                   [FAILURE]
[  297s] 
[  297s] ======================================================================
[  297s] ERROR: test_autocomplete_results_from_config
[  297s] Check that we load autocompletion results from our configuration.
[  297s] ----------------------------------------------------------------------
[  297s] Traceback (most recent call last):
[  297s]   File "/home/abuild/rpmbuild/BUILD/cepa-1.8.4/test/unit/interpreter/autocomplete.py", line 15, in test_autocomplete_results_from_config
[  297s]     commands = _get_commands(None)
[  297s]                ^^^^^^^^^^^^^^^^^^^
[  297s]   File "/home/abuild/rpmbuild/BUILD/cepa-1.8.4/stem/util/conf.py", line 288, in wrapped
[  297s]     if 'config' in inspect.getargspec(func).args:
[  297s]                    ^^^^^^^^^^^^^^^^^^
[  297s] AttributeError: module 'inspect' has no attribute 'getargspec'
[  297s] 
[  297s] ======================================================================
[  297s] ERROR: test_autocomplete_results_from_tor
[  297s] Check our ability to determine autocompletion results based on our tor
[  297s] ----------------------------------------------------------------------
[  297s] Traceback (most recent call last):
[  297s]   File "/home/abuild/rpmbuild/BUILD/cepa-1.8.4/test/unit/interpreter/autocomplete.py", line 30, in test_autocomplete_results_from_tor
[  297s]     commands = _get_commands(controller)
[  297s]                ^^^^^^^^^^^^^^^^^^^^^^^^^
[  297s]   File "/home/abuild/rpmbuild/BUILD/cepa-1.8.4/stem/util/conf.py", line 288, in wrapped
[  297s]     if 'config' in inspect.getargspec(func).args:
[  297s]                    ^^^^^^^^^^^^^^^^^^
[  297s] AttributeError: module 'inspect' has no attribute 'getargspec'
[  297s] 
[  297s] ======================================================================
[  297s] ERROR: test_autocompleter_complete
[  297s] Exercise our Autocompleter's complete method.
[  297s] ----------------------------------------------------------------------
[  297s] Traceback (most recent call last):
[  297s]   File "/home/abuild/rpmbuild/BUILD/cepa-1.8.4/test/unit/interpreter/autocomplete.py", line 99, in test_autocompleter_complete
[  297s]     autocompleter = Autocompleter(None)
[  297s]                     ^^^^^^^^^^^^^^^^^^^
[  297s]   File "/home/abuild/rpmbuild/BUILD/cepa-1.8.4/stem/interpreter/autocomplete.py", line 85, in __init__
[  297s]     self._commands = _get_commands(controller)
[  297s]                      ^^^^^^^^^^^^^^^^^^^^^^^^^
[  297s]   File "/home/abuild/rpmbuild/BUILD/cepa-1.8.4/stem/util/conf.py", line 288, in wrapped
[  297s]     if 'config' in inspect.getargspec(func).args:
[  297s]                    ^^^^^^^^^^^^^^^^^^
[  297s] AttributeError: module 'inspect' has no attribute 'getargspec'
[  297s] 
[  297s] ======================================================================
[  297s] ERROR: test_autocompleter_match
[  297s] Exercise our Autocompleter's match method.
[  297s] ----------------------------------------------------------------------
[  297s] Traceback (most recent call last):
[  297s]   File "/home/abuild/rpmbuild/BUILD/cepa-1.8.4/test/unit/interpreter/autocomplete.py", line 77, in test_autocompleter_match
[  297s]     autocompleter = Autocompleter(None)
[  297s]                     ^^^^^^^^^^^^^^^^^^^
[  297s]   File "/home/abuild/rpmbuild/BUILD/cepa-1.8.4/stem/interpreter/autocomplete.py", line 85, in __init__
[  297s]     self._commands = _get_commands(controller)
[  297s]                      ^^^^^^^^^^^^^^^^^^^^^^^^^
[  297s]   File "/home/abuild/rpmbuild/BUILD/cepa-1.8.4/stem/util/conf.py", line 288, in wrapped
[  297s]     if 'config' in inspect.getargspec(func).args:
[  297s]                    ^^^^^^^^^^^^^^^^^^
[  297s] AttributeError: module 'inspect' has no attribute 'getargspec'
[  297s] 
[  297s] ----------------------------------------------------------------------
[  297s] Ran 4 tests in 0.011s
[  297s] 
[  297s] FAILED (errors=4)
[  297s]   interpreter.help...                                  failed (0.02s)
[  297s] test_general_help                                            [FAILURE]
[  297s] test_getconf_help                                            [FAILURE]
[  297s] test_getinfo_help                                            [FAILURE]
[  297s] test_normalization                                     0 ms  [SUCCESS]
[  297s] test_setevents_help                                          [FAILURE]
[  297s] test_signal_help                                             [FAILURE]
[  297s] test_unrecognized_option                                     [FAILURE]
[  297s] test_usefeature_help                                         [FAILURE]
[  297s] 
[  297s] ======================================================================
[  297s] ERROR: test_general_help
[  297s] ----------------------------------------------------------------------
[  297s] Traceback (most recent call last):
[  297s]   File "/home/abuild/rpmbuild/BUILD/cepa-1.8.4/test/unit/interpreter/help.py", line 27, in test_general_help
[  297s]     result = response(CONTROLLER, '')
[  297s]              ^^^^^^^^^^^^^^^^^^^^^^^^
[  297s]   File "/home/abuild/rpmbuild/BUILD/cepa-1.8.4/stem/interpreter/help.py", line 38, in response
[  297s]     return _response(controller, _normalize(arg))
[  297s]            ^^^^^^^^^^^^^^^^^^^^^^^^^^^^^^^^^^^^^^
[  297s]   File "/home/abuild/rpmbuild/BUILD/cepa-1.8.4/stem/util/conf.py", line 288, in wrapped
[  297s]     if 'config' in inspect.getargspec(func).args:
[  297s]                    ^^^^^^^^^^^^^^^^^^
[  297s] AttributeError: module 'inspect' has no attribute 'getargspec'
[  297s] 
[  297s] ======================================================================
[  297s] ERROR: test_getconf_help
[  297s] ----------------------------------------------------------------------
[  297s] Traceback (most recent call last):
[  297s]   File "/home/abuild/rpmbuild/BUILD/cepa-1.8.4/test/unit/interpreter/help.py", line 37, in test_getconf_help
[  297s]     result = response(CONTROLLER, 'GETCONF')
[  297s]              ^^^^^^^^^^^^^^^^^^^^^^^^^^^^^^^
[  297s]   File "/home/abuild/rpmbuild/BUILD/cepa-1.8.4/stem/interpreter/help.py", line 38, in response
[  297s]     return _response(controller, _normalize(arg))
[  297s]            ^^^^^^^^^^^^^^^^^^^^^^^^^^^^^^^^^^^^^^
[  297s]   File "/home/abuild/rpmbuild/BUILD/cepa-1.8.4/stem/util/conf.py", line 288, in wrapped
[  297s]     if 'config' in inspect.getargspec(func).args:
[  297s]                    ^^^^^^^^^^^^^^^^^^
[  297s] AttributeError: module 'inspect' has no attribute 'getargspec'
[  297s] 
[  297s] ======================================================================
[  297s] ERROR: test_getinfo_help
[  297s] ----------------------------------------------------------------------
[  297s] Traceback (most recent call last):
[  297s]   File "/home/abuild/rpmbuild/BUILD/cepa-1.8.4/test/unit/interpreter/help.py", line 32, in test_getinfo_help
[  297s]     result = response(CONTROLLER, 'GETINFO')
[  297s]              ^^^^^^^^^^^^^^^^^^^^^^^^^^^^^^^
[  297s]   File "/home/abuild/rpmbuild/BUILD/cepa-1.8.4/stem/interpreter/help.py", line 38, in response
[  297s]     return _response(controller, _normalize(arg))
[  297s]            ^^^^^^^^^^^^^^^^^^^^^^^^^^^^^^^^^^^^^^
[  297s]   File "/home/abuild/rpmbuild/BUILD/cepa-1.8.4/stem/util/conf.py", line 288, in wrapped
[  297s]     if 'config' in inspect.getargspec(func).args:
[  297s]                    ^^^^^^^^^^^^^^^^^^
[  297s] AttributeError: module 'inspect' has no attribute 'getargspec'
[  297s] 
[  297s] ======================================================================
[  297s] ERROR: test_setevents_help
[  297s] ----------------------------------------------------------------------
[  297s] Traceback (most recent call last):
[  297s]   File "/home/abuild/rpmbuild/BUILD/cepa-1.8.4/test/unit/interpreter/help.py", line 47, in test_setevents_help
[  297s]     result = response(CONTROLLER, 'SETEVENTS')
[  297s]              ^^^^^^^^^^^^^^^^^^^^^^^^^^^^^^^^^
[  297s]   File "/home/abuild/rpmbuild/BUILD/cepa-1.8.4/stem/interpreter/help.py", line 38, in response
[  297s]     return _response(controller, _normalize(arg))
[  297s]            ^^^^^^^^^^^^^^^^^^^^^^^^^^^^^^^^^^^^^^
[  297s]   File "/home/abuild/rpmbuild/BUILD/cepa-1.8.4/stem/util/conf.py", line 288, in wrapped
[  297s]     if 'config' in inspect.getargspec(func).args:
[  297s]                    ^^^^^^^^^^^^^^^^^^
[  297s] AttributeError: module 'inspect' has no attribute 'getargspec'
[  297s] 
[  297s] ======================================================================
[  297s] ERROR: test_signal_help
[  297s] ----------------------------------------------------------------------
[  297s] Traceback (most recent call last):
[  297s]   File "/home/abuild/rpmbuild/BUILD/cepa-1.8.4/test/unit/interpreter/help.py", line 42, in test_signal_help
[  297s]     result = response(CONTROLLER, 'SIGNAL')
[  297s]              ^^^^^^^^^^^^^^^^^^^^^^^^^^^^^^
[  297s]   File "/home/abuild/rpmbuild/BUILD/cepa-1.8.4/stem/interpreter/help.py", line 38, in response
[  297s]     return _response(controller, _normalize(arg))
[  297s]            ^^^^^^^^^^^^^^^^^^^^^^^^^^^^^^^^^^^^^^
[  297s]   File "/home/abuild/rpmbuild/BUILD/cepa-1.8.4/stem/util/conf.py", line 288, in wrapped
[  297s]     if 'config' in inspect.getargspec(func).args:
[  297s]                    ^^^^^^^^^^^^^^^^^^
[  297s] AttributeError: module 'inspect' has no attribute 'getargspec'
[  297s] 
[  297s] ======================================================================
[  297s] ERROR: test_unrecognized_option
[  297s] ----------------------------------------------------------------------
[  297s] Traceback (most recent call last):
[  297s]   File "/home/abuild/rpmbuild/BUILD/cepa-1.8.4/test/unit/interpreter/help.py", line 23, in test_unrecognized_option
[  297s]     result = response(CONTROLLER, 'FOOBAR')
[  297s]              ^^^^^^^^^^^^^^^^^^^^^^^^^^^^^^
[  297s]   File "/home/abuild/rpmbuild/BUILD/cepa-1.8.4/stem/interpreter/help.py", line 38, in response
[  297s]     return _response(controller, _normalize(arg))
[  297s]            ^^^^^^^^^^^^^^^^^^^^^^^^^^^^^^^^^^^^^^
[  297s]   File "/home/abuild/rpmbuild/BUILD/cepa-1.8.4/stem/util/conf.py", line 288, in wrapped
[  297s]     if 'config' in inspect.getargspec(func).args:
[  297s]                    ^^^^^^^^^^^^^^^^^^
[  297s] AttributeError: module 'inspect' has no attribute 'getargspec'
[  297s] 
[  297s] ======================================================================
[  297s] ERROR: test_usefeature_help
[  297s] ----------------------------------------------------------------------
[  297s] Traceback (most recent call last):
[  297s]   File "/home/abuild/rpmbuild/BUILD/cepa-1.8.4/test/unit/interpreter/help.py", line 52, in test_usefeature_help
[  297s]     result = response(CONTROLLER, 'USEFEATURE')
[  297s]              ^^^^^^^^^^^^^^^^^^^^^^^^^^^^^^^^^^
[  297s]   File "/home/abuild/rpmbuild/BUILD/cepa-1.8.4/stem/interpreter/help.py", line 38, in response
[  297s]     return _response(controller, _normalize(arg))
[  297s]            ^^^^^^^^^^^^^^^^^^^^^^^^^^^^^^^^^^^^^^
[  297s]   File "/home/abuild/rpmbuild/BUILD/cepa-1.8.4/stem/util/conf.py", line 288, in wrapped
[  297s]     if 'config' in inspect.getargspec(func).args:
[  297s]                    ^^^^^^^^^^^^^^^^^^
[  297s] AttributeError: module 'inspect' has no attribute 'getargspec'
[  297s] 
[  297s] ----------------------------------------------------------------------
[  297s] Ran 8 tests in 0.017s
[  297s] 
[  297s] FAILED (errors=7)
[  297s]   interpreter.commands...                              failed (0.08s)
[  297s] test_events                                                  [FAILURE]
[  297s] test_get_fingerprint_for_address                       5 ms  [SUCCESS]
[  297s] test_get_fingerprint_for_fingerprint                   1 ms  [SUCCESS]
[  297s] test_get_fingerprint_for_nickname                      4 ms  [SUCCESS]
[  297s] test_get_fingerprint_for_ourselves                     3 ms  [SUCCESS]
[  297s] test_get_fingerprint_for_unrecognized_inputs           1 ms  [SUCCESS]
[  297s] test_getconf                                                 [FAILURE]
[  297s] test_getinfo                                                 [FAILURE]
[  297s] test_help                                                    [FAILURE]
[  297s] test_info                                                    [FAILURE]
[  297s] test_quit                                                    [FAILURE]
[  297s] test_setevents                                               [FAILURE]
[  297s] test_unrecognized_interpreter_command                        [FAILURE]
[  297s] test_when_disconnected                                       [FAILURE]
[  297s] 
[  297s] ======================================================================
[  297s] ERROR: test_events
[  297s] ----------------------------------------------------------------------
[  297s] Traceback (most recent call last):
[  297s]   File "/home/abuild/rpmbuild/BUILD/cepa-1.8.4/test/unit/interpreter/commands.py", line 117, in test_events
[  297s]     self.assertEqual('', interpreter.run_command('/events'))
[  297s]                          ^^^^^^^^^^^^^^^^^^^^^^^^^^^^^^^^^^
[  297s]   File "/home/abuild/rpmbuild/BUILD/cepa-1.8.4/stem/util/conf.py", line 288, in wrapped
[  297s]     if 'config' in inspect.getargspec(func).args:
[  297s]                    ^^^^^^^^^^^^^^^^^^
[  297s] AttributeError: module 'inspect' has no attribute 'getargspec'
[  297s] 
[  297s] ======================================================================
[  297s] ERROR: test_getconf
[  297s] ----------------------------------------------------------------------
[  297s] Traceback (most recent call last):
[  297s]   File "/home/abuild/rpmbuild/BUILD/cepa-1.8.4/test/unit/interpreter/commands.py", line 187, in test_getconf
[  297s]     self.assertEqual('\x1b[34m250-Log=notice stdout\r\x1b[0m\n\x1b[34m250 Address\x1b[0m\n', interpreter.run_command('GETCONF log address'))
[  297s]                                                                                              ^^^^^^^^^^^^^^^^^^^^^^^^^^^^^^^^^^^^^^^^^^^^^^
[  297s]   File "/home/abuild/rpmbuild/BUILD/cepa-1.8.4/stem/util/conf.py", line 288, in wrapped
[  297s]     if 'config' in inspect.getargspec(func).args:
[  297s]                    ^^^^^^^^^^^^^^^^^^
[  297s] AttributeError: module 'inspect' has no attribute 'getargspec'
[  297s] 
[  297s] ======================================================================
[  297s] ERROR: test_getinfo
[  297s] ----------------------------------------------------------------------
[  297s] Traceback (most recent call last):
[  297s]   File "/home/abuild/rpmbuild/BUILD/cepa-1.8.4/test/unit/interpreter/commands.py", line 174, in test_getinfo
[  297s]     self.assertEqual('\x1b[34m250-version=0.2.5.1-alpha-dev (git-245ecfff36c0cecc)\r\x1b[0m\n\x1b[34m250 OK\x1b[0m\n', interpreter.run_command('GETINFO version'))
[  297s]                                                                                                                        ^^^^^^^^^^^^^^^^^^^^^^^^^^^^^^^^^^^^^^^^^^
[  297s]   File "/home/abuild/rpmbuild/BUILD/cepa-1.8.4/stem/util/conf.py", line 288, in wrapped
[  297s]     if 'config' in inspect.getargspec(func).args:
[  297s]                    ^^^^^^^^^^^^^^^^^^
[  297s] AttributeError: module 'inspect' has no attribute 'getargspec'
[  297s] 
[  297s] ======================================================================
[  297s] ERROR: test_help
[  297s] ----------------------------------------------------------------------
[  297s] Traceback (most recent call last):
[  297s]   File "/home/abuild/rpmbuild/BUILD/cepa-1.8.4/test/unit/interpreter/commands.py", line 108, in test_help
[  297s]     self.assertTrue('Interpreter commands include:' in interpreter.run_command('/help'))
[  297s]                                                        ^^^^^^^^^^^^^^^^^^^^^^^^^^^^^^^^
[  297s]   File "/home/abuild/rpmbuild/BUILD/cepa-1.8.4/stem/util/conf.py", line 288, in wrapped
[  297s]     if 'config' in inspect.getargspec(func).args:
[  297s]                    ^^^^^^^^^^^^^^^^^^
[  297s] AttributeError: module 'inspect' has no attribute 'getargspec'
[  297s] 
[  297s] ======================================================================
[  297s] ERROR: test_info
[  297s] ----------------------------------------------------------------------
[  297s] Traceback (most recent call last):
[  297s]   File "/usr/lib64/python3.11/unittest/mock.py", line 1369, in patched
[  297s]     return func(*newargs, **newkeywargs)
[  297s]            ^^^^^^^^^^^^^^^^^^^^^^^^^^^^^
[  297s]   File "/home/abuild/rpmbuild/BUILD/cepa-1.8.4/test/unit/interpreter/commands.py", line 160, in test_info
[  297s]     self.assertTrue(interpreter.run_command('/info ' + FINGERPRINT).startswith(EXPECTED_INFO_RESPONSE))
[  297s]                     ^^^^^^^^^^^^^^^^^^^^^^^^^^^^^^^^^^^^^^^^^^^^^^^
[  297s]   File "/home/abuild/rpmbuild/BUILD/cepa-1.8.4/stem/util/conf.py", line 288, in wrapped
[  297s]     if 'config' in inspect.getargspec(func).args:
[  297s]                    ^^^^^^^^^^^^^^^^^^
[  297s] AttributeError: module 'inspect' has no attribute 'getargspec'
[  297s] 
[  297s] ======================================================================
[  297s] ERROR: test_quit
[  297s] ----------------------------------------------------------------------
[  297s] Traceback (most recent call last):
[  297s]   File "/home/abuild/rpmbuild/BUILD/cepa-1.8.4/test/unit/interpreter/commands.py", line 102, in test_quit
[  297s]     self.assertRaises(stem.SocketClosed, interpreter.run_command, '/quit')
[  297s]   File "/usr/lib64/python3.11/unittest/case.py", line 766, in assertRaises
[  297s]     return context.handle('assertRaises', args, kwargs)
[  297s]            ^^^^^^^^^^^^^^^^^^^^^^^^^^^^^^^^^^^^^^^^^^^^
[  297s]   File "/usr/lib64/python3.11/unittest/case.py", line 237, in handle
[  297s]     callable_obj(*args, **kwargs)
[  297s]   File "/home/abuild/rpmbuild/BUILD/cepa-1.8.4/stem/util/conf.py", line 288, in wrapped
[  297s]     if 'config' in inspect.getargspec(func).args:
[  297s]                    ^^^^^^^^^^^^^^^^^^
[  297s] AttributeError: module 'inspect' has no attribute 'getargspec'
[  297s] 
[  297s] ======================================================================
[  297s] ERROR: test_setevents
[  297s] ----------------------------------------------------------------------
[  297s] Traceback (most recent call last):
[  297s]   File "/home/abuild/rpmbuild/BUILD/cepa-1.8.4/test/unit/interpreter/commands.py", line 196, in test_setevents
[  297s]     self.assertEqual('\x1b[34m250 OK\x1b[0m\n', interpreter.run_command('SETEVENTS BW'))
[  297s]                                                 ^^^^^^^^^^^^^^^^^^^^^^^^^^^^^^^^^^^^^^^
[  297s]   File "/home/abuild/rpmbuild/BUILD/cepa-1.8.4/stem/util/conf.py", line 288, in wrapped
[  297s]     if 'config' in inspect.getargspec(func).args:
[  297s]                    ^^^^^^^^^^^^^^^^^^
[  297s] AttributeError: module 'inspect' has no attribute 'getargspec'
[  297s] 
[  297s] ======================================================================
[  297s] ERROR: test_unrecognized_interpreter_command
[  297s] ----------------------------------------------------------------------
[  297s] Traceback (most recent call last):
[  297s]   File "/home/abuild/rpmbuild/BUILD/cepa-1.8.4/test/unit/interpreter/commands.py", line 166, in test_unrecognized_interpreter_command
[  297s]     self.assertEqual(expected, interpreter.run_command('/unrecognized'))
[  297s]                                ^^^^^^^^^^^^^^^^^^^^^^^^^^^^^^^^^^^^^^^^
[  297s]   File "/home/abuild/rpmbuild/BUILD/cepa-1.8.4/stem/util/conf.py", line 288, in wrapped
[  297s]     if 'config' in inspect.getargspec(func).args:
[  297s]                    ^^^^^^^^^^^^^^^^^^
[  297s] AttributeError: module 'inspect' has no attribute 'getargspec'
[  297s] 
[  297s] ======================================================================
[  297s] ERROR: test_when_disconnected
[  297s] ----------------------------------------------------------------------
[  297s] Traceback (most recent call last):
[  297s]   File "/home/abuild/rpmbuild/BUILD/cepa-1.8.4/test/unit/interpreter/commands.py", line 95, in test_when_disconnected
[  297s]     self.assertTrue('Interpreter commands include:' in interpreter.run_command('/help'))
[  297s]                                                        ^^^^^^^^^^^^^^^^^^^^^^^^^^^^^^^^
[  297s]   File "/home/abuild/rpmbuild/BUILD/cepa-1.8.4/stem/util/conf.py", line 288, in wrapped
[  297s]     if 'config' in inspect.getargspec(func).args:
[  297s]                    ^^^^^^^^^^^^^^^^^^
[  297s] AttributeError: module 'inspect' has no attribute 'getargspec'
[  297s] 
[  297s] ----------------------------------------------------------------------
[  297s] Ran 14 tests in 0.072s
[  297s] 
[  297s] FAILED (errors=9)
[  298s]   doctest...                                           success (0.69s)
[  298s] 
[  344s] STATIC CHECKS
[  344s] * /home/abuild/rpmbuild/BUILD/cepa-1.8.4/stem/prereq.py
[  344s]   line 24   - 'inspect' imported but unused            | import inspect
[  344s] 
[  344s] * /home/abuild/rpmbuild/BUILD/cepa-1.8.4/stem/util/ed25519.py
[  344s]   line 59   - undefined name 'xrange'                  | range = xrange
[  344s] 
[  344s] * /home/abuild/rpmbuild/BUILD/cepa-1.8.4/stem/descriptor/hidden_service.py
[  344s]   line 289  - E741 ambiguous variable name 'l'         | link_specifiers = link_count + b''.join([l.pack() for l in self.link_specifiers])
[  344s] 
[  344s] * /home/abuild/rpmbuild/BUILD/cepa-1.8.4/stem/interpreter/commands.py
[  344s]   line 274  - E741 ambiguous variable name 'l'         | lines += [format(l, *STANDARD_OUTPUT) for l in str(desc).splitlines()]
[  344s] 
[  344s] * /home/abuild/rpmbuild/BUILD/cepa-1.8.4/setup.py
[  344s]   line 157  - use single rather than double quotes     | "setuptools >= 65.4.1"
[  344s] 
[  344s] TESTING FAILED (63 seconds)
[  344s]   [UNIT TEST] Exercises the get_accounting_stats() method. ... ERROR
[  344s]   [UNIT TEST] Exercise the get_effective_rate() method. ... ERROR
[  344s]   [UNIT TEST] test_get_info_address_caching (test.unit.control.controller.TestControl) ... ERROR
[  344s]   [UNIT TEST] test_get_info_without_fingerprint (test.unit.control.controller.TestControl) ... ERROR
[  344s]   [UNIT TEST] Exercises the get_network_status() method. ... ERROR
[  344s]   [UNIT TEST] Exercises the get_network_status() method for getting our own relay. ... ERROR
[  344s]   [UNIT TEST] Exercises the get_network_status() method. ... ERROR
[  344s]   [UNIT TEST] Exercise the get_pid() resolution via the process name. ... ERROR
[  344s]   [UNIT TEST] Exercise the get_pid() resolution via a PidFile. ... ERROR
[  344s]   [UNIT TEST] Exercise the get_pid() method for a non-local socket. ... ERROR
[  344s]   [UNIT TEST] Exercises the get_protocolinfo() method. ... ERROR
[  344s]   [UNIT TEST] Exercises the get_socks_listeners() method as if talking to a newer tor ... ERROR
[  344s]   [UNIT TEST] Exercises the get_socks_listeners() method as though talking to an old tor ... ERROR
[  344s]   [UNIT TEST] Exercise the get_uptime() resolution via a GETINFO query. ... ERROR
[  344s]   [UNIT TEST] Exercise the get_user() resolution via the system module. ... ERROR
[  344s]   [UNIT TEST] Exercise the get_user() method for a non-local socket. ... ERROR
[  344s]   [UNIT TEST] Exercises the get_version() method. ... ERROR
[  344s]   [UNIT TEST] Methods that have an 'await' argument also have an optional timeout. Check ... ERROR
[  344s]   [UNIT TEST] test_get_help (test.unit.interpreter.arguments.TestArgumentParsing) ... ERROR
[  344s]   [UNIT TEST] Check that we load autocompletion results from our configuration. ... ERROR
[  344s]   [UNIT TEST] Check our ability to determine autocompletion results based on our tor ... ERROR
[  344s]   [UNIT TEST] Exercise our Autocompleter's complete method. ... ERROR
[  344s]   [UNIT TEST] Exercise our Autocompleter's match method. ... ERROR
[  344s]   [UNIT TEST] test_general_help (test.unit.interpreter.help.TestHelpResponses) ... ERROR
[  344s]   [UNIT TEST] test_getconf_help (test.unit.interpreter.help.TestHelpResponses) ... ERROR
[  344s]   [UNIT TEST] test_getinfo_help (test.unit.interpreter.help.TestHelpResponses) ... ERROR
[  344s]   [UNIT TEST] test_setevents_help (test.unit.interpreter.help.TestHelpResponses) ... ERROR
[  344s]   [UNIT TEST] test_signal_help (test.unit.interpreter.help.TestHelpResponses) ... ERROR
[  344s]   [UNIT TEST] test_unrecognized_option (test.unit.interpreter.help.TestHelpResponses) ... ERROR
[  344s]   [UNIT TEST] test_usefeature_help (test.unit.interpreter.help.TestHelpResponses) ... ERROR
[  344s]   [UNIT TEST] test_events (test.unit.interpreter.commands.TestInterpreterCommands) ... ERROR
[  344s]   [UNIT TEST] test_getconf (test.unit.interpreter.commands.TestInterpreterCommands) ... ERROR
[  344s]   [UNIT TEST] test_getinfo (test.unit.interpreter.commands.TestInterpreterCommands) ... ERROR
[  344s]   [UNIT TEST] test_help (test.unit.interpreter.commands.TestInterpreterCommands) ... ERROR
[  344s]   [UNIT TEST] test_info (test.unit.interpreter.commands.TestInterpreterCommands) ... ERROR
[  344s]   [UNIT TEST] test_quit (test.unit.interpreter.commands.TestInterpreterCommands) ... ERROR
[  344s]   [UNIT TEST] test_setevents (test.unit.interpreter.commands.TestInterpreterCommands) ... ERROR
[  344s]   [UNIT TEST] test_unrecognized_interpreter_command (test.unit.interpreter.commands.TestInterpreterCommands) ... ERROR
[  344s]   [UNIT TEST] test_when_disconnected (test.unit.interpreter.commands.TestInterpreterCommands) ... ERROR
[  344s] 
[  344s] You can re-run just these tests with:
[  344s] 
[  344s]   run_tests.py -u --test control.controller
[  344s]   run_tests.py -u --test interpreter.help
[  344s]   run_tests.py -u --test interpreter.arguments
[  344s]   run_tests.py -u --test interpreter.commands
[  345s] error: Bad exit status from /var/tmp/rpm-tmp.V3GQl5 (%check)
[  345s] 
[  345s] RPM build errors:
[  345s]     Bad exit status from /var/tmp/rpm-tmp.V3GQl5 (%check)
[  345s] ### VM INTERACTION START ###
[  345s] [  341.264905][    T1] sysrq: Power Off
[  345s] [  341.267687][   T18] reboot: Power down
[  345s] ### VM INTERACTION END ###
[  345s] 
[  345s] sheep84 failed "build python-cepa.spec" at Sun Feb 19 07:17:32 UTC 2023.
[  345s] 
